Archive member included to satisfy reference by file (symbol)

//?/C:/Program Files/ST/STM32CubeIDE/STM32CubeIDE/plugins/com.st.stm32cube.ide.mcu.externaltools.gnu-tools-for-stm32.13.3.rel1.win32_1.0.0.202411081344/tools/bin/../lib/gcc/arm-none-eabi/13.3.1/../../../../arm-none-eabi/lib/thumb/v8-m.main+fp/hard\libc_nano.a(libc_a-exit.o)
                              //?/C:/Program Files/ST/STM32CubeIDE/STM32CubeIDE/plugins/com.st.stm32cube.ide.mcu.externaltools.gnu-tools-for-stm32.13.3.rel1.win32_1.0.0.202411081344/tools/bin/../lib/gcc/arm-none-eabi/13.3.1/../../../../arm-none-eabi/lib/thumb/v8-m.main+fp/hard/crt0.o (exit)
//?/C:/Program Files/ST/STM32CubeIDE/STM32CubeIDE/plugins/com.st.stm32cube.ide.mcu.externaltools.gnu-tools-for-stm32.13.3.rel1.win32_1.0.0.202411081344/tools/bin/../lib/gcc/arm-none-eabi/13.3.1/../../../../arm-none-eabi/lib/thumb/v8-m.main+fp/hard\libc_nano.a(libc_a-findfp.o)
                              //?/C:/Program Files/ST/STM32CubeIDE/STM32CubeIDE/plugins/com.st.stm32cube.ide.mcu.externaltools.gnu-tools-for-stm32.13.3.rel1.win32_1.0.0.202411081344/tools/bin/../lib/gcc/arm-none-eabi/13.3.1/../../../../arm-none-eabi/lib/thumb/v8-m.main+fp/hard\libc_nano.a(libc_a-exit.o) (__stdio_exit_handler)
//?/C:/Program Files/ST/STM32CubeIDE/STM32CubeIDE/plugins/com.st.stm32cube.ide.mcu.externaltools.gnu-tools-for-stm32.13.3.rel1.win32_1.0.0.202411081344/tools/bin/../lib/gcc/arm-none-eabi/13.3.1/../../../../arm-none-eabi/lib/thumb/v8-m.main+fp/hard\libc_nano.a(libc_a-fwalk.o)
                              //?/C:/Program Files/ST/STM32CubeIDE/STM32CubeIDE/plugins/com.st.stm32cube.ide.mcu.externaltools.gnu-tools-for-stm32.13.3.rel1.win32_1.0.0.202411081344/tools/bin/../lib/gcc/arm-none-eabi/13.3.1/../../../../arm-none-eabi/lib/thumb/v8-m.main+fp/hard\libc_nano.a(libc_a-findfp.o) (_fwalk_sglue)
//?/C:/Program Files/ST/STM32CubeIDE/STM32CubeIDE/plugins/com.st.stm32cube.ide.mcu.externaltools.gnu-tools-for-stm32.13.3.rel1.win32_1.0.0.202411081344/tools/bin/../lib/gcc/arm-none-eabi/13.3.1/../../../../arm-none-eabi/lib/thumb/v8-m.main+fp/hard\libc_nano.a(libc_a-stdio.o)
                              //?/C:/Program Files/ST/STM32CubeIDE/STM32CubeIDE/plugins/com.st.stm32cube.ide.mcu.externaltools.gnu-tools-for-stm32.13.3.rel1.win32_1.0.0.202411081344/tools/bin/../lib/gcc/arm-none-eabi/13.3.1/../../../../arm-none-eabi/lib/thumb/v8-m.main+fp/hard\libc_nano.a(libc_a-findfp.o) (__sread)
//?/C:/Program Files/ST/STM32CubeIDE/STM32CubeIDE/plugins/com.st.stm32cube.ide.mcu.externaltools.gnu-tools-for-stm32.13.3.rel1.win32_1.0.0.202411081344/tools/bin/../lib/gcc/arm-none-eabi/13.3.1/../../../../arm-none-eabi/lib/thumb/v8-m.main+fp/hard\libc_nano.a(libc_a-memset.o)
                              //?/C:/Program Files/ST/STM32CubeIDE/STM32CubeIDE/plugins/com.st.stm32cube.ide.mcu.externaltools.gnu-tools-for-stm32.13.3.rel1.win32_1.0.0.202411081344/tools/bin/../lib/gcc/arm-none-eabi/13.3.1/../../../../arm-none-eabi/lib/thumb/v8-m.main+fp/hard/crt0.o (memset)
//?/C:/Program Files/ST/STM32CubeIDE/STM32CubeIDE/plugins/com.st.stm32cube.ide.mcu.externaltools.gnu-tools-for-stm32.13.3.rel1.win32_1.0.0.202411081344/tools/bin/../lib/gcc/arm-none-eabi/13.3.1/../../../../arm-none-eabi/lib/thumb/v8-m.main+fp/hard\libc_nano.a(libc_a-closer.o)
                              //?/C:/Program Files/ST/STM32CubeIDE/STM32CubeIDE/plugins/com.st.stm32cube.ide.mcu.externaltools.gnu-tools-for-stm32.13.3.rel1.win32_1.0.0.202411081344/tools/bin/../lib/gcc/arm-none-eabi/13.3.1/../../../../arm-none-eabi/lib/thumb/v8-m.main+fp/hard\libc_nano.a(libc_a-stdio.o) (_close_r)
//?/C:/Program Files/ST/STM32CubeIDE/STM32CubeIDE/plugins/com.st.stm32cube.ide.mcu.externaltools.gnu-tools-for-stm32.13.3.rel1.win32_1.0.0.202411081344/tools/bin/../lib/gcc/arm-none-eabi/13.3.1/../../../../arm-none-eabi/lib/thumb/v8-m.main+fp/hard\libc_nano.a(libc_a-reent.o)
                              //?/C:/Program Files/ST/STM32CubeIDE/STM32CubeIDE/plugins/com.st.stm32cube.ide.mcu.externaltools.gnu-tools-for-stm32.13.3.rel1.win32_1.0.0.202411081344/tools/bin/../lib/gcc/arm-none-eabi/13.3.1/../../../../arm-none-eabi/lib/thumb/v8-m.main+fp/hard\libc_nano.a(libc_a-closer.o) (errno)
//?/C:/Program Files/ST/STM32CubeIDE/STM32CubeIDE/plugins/com.st.stm32cube.ide.mcu.externaltools.gnu-tools-for-stm32.13.3.rel1.win32_1.0.0.202411081344/tools/bin/../lib/gcc/arm-none-eabi/13.3.1/../../../../arm-none-eabi/lib/thumb/v8-m.main+fp/hard\libc_nano.a(libc_a-impure.o)
                              //?/C:/Program Files/ST/STM32CubeIDE/STM32CubeIDE/plugins/com.st.stm32cube.ide.mcu.externaltools.gnu-tools-for-stm32.13.3.rel1.win32_1.0.0.202411081344/tools/bin/../lib/gcc/arm-none-eabi/13.3.1/../../../../arm-none-eabi/lib/thumb/v8-m.main+fp/hard\libc_nano.a(libc_a-reent.o) (_impure_ptr)
[...]
Memory Configuration

Name             Origin             Length             Attributes
NS_VECTOR_TBL    0x80100000         0x00000600         xrw
FLASH            0x80100600         0x007ffa00         xrw
VIRTIO_SHMEM     0x812f8000         0x00008000         xrw
RAM              0x80a00000         0x00100000         xrw
IPC_SHMEM_1      0x81200000         0x000f8000         xrw
*default*        0x00000000         0xffffffff

Linker script and memory map

LOAD //?/C:/Program Files/ST/STM32CubeIDE/STM32CubeIDE/plugins/com.st.stm32cube.ide.mcu.externaltools.gnu-tools-for-stm32.13.3.rel1.win32_1.0.0.202411081344/tools/bin/../lib/gcc/arm-none-eabi/13.3.1/thumb/v8-m.main+fp/hard/crti.o
LOAD //?/C:/Program Files/ST/STM32CubeIDE/STM32CubeIDE/plugins/com.st.stm32cube.ide.mcu.externaltools.gnu-tools-for-stm32.13.3.rel1.win32_1.0.0.202411081344/tools/bin/../lib/gcc/arm-none-eabi/13.3.1/thumb/v8-m.main+fp/hard/crtbegin.o
LOAD //?/C:/Program Files/ST/STM32CubeIDE/STM32CubeIDE/plugins/com.st.stm32cube.ide.mcu.externaltools.gnu-tools-for-stm32.13.3.rel1.win32_1.0.0.202411081344/tools/bin/../lib/gcc/arm-none-eabi/13.3.1/../../../../arm-none-eabi/lib/thumb/v8-m.main+fp/hard/crt0.o
LOAD ./Common/System/system_stm32mp2xx_m33.o
LOAD ./Core/Src/main.o
LOAD ./Core/Src/stm32mp2xx_hal_msp.o
LOAD ./Core/Src/stm32mp2xx_it.o
LOAD ./Core/Src/syscalls.o
LOAD ./Core/Src/sysmem.o
LOAD ./Core/Startup/startup_stm32mp257fakx.o
LOAD ./Drivers/STM32MP2xx_HAL_Driver/stm32mp2xx_hal.o
LOAD ./Drivers/STM32MP2xx_HAL_Driver/stm32mp2xx_hal_cortex.o
LOAD ./Drivers/STM32MP2xx_HAL_Driver/stm32mp2xx_hal_dma.o
LOAD ./Drivers/STM32MP2xx_HAL_Driver/stm32mp2xx_hal_dma_ex.o
LOAD ./Drivers/STM32MP2xx_HAL_Driver/stm32mp2xx_hal_exti.o
LOAD ./Drivers/STM32MP2xx_HAL_Driver/stm32mp2xx_hal_gpio.o
LOAD ./Drivers/STM32MP2xx_HAL_Driver/stm32mp2xx_hal_hsem.o
LOAD ./Drivers/STM32MP2xx_HAL_Driver/stm32mp2xx_hal_icache.o
LOAD ./Drivers/STM32MP2xx_HAL_Driver/stm32mp2xx_hal_pwr.o
LOAD ./Drivers/STM32MP2xx_HAL_Driver/stm32mp2xx_hal_pwr_ex.o
LOAD ./Drivers/STM32MP2xx_HAL_Driver/stm32mp2xx_hal_rcc.o
LOAD ./Drivers/STM32MP2xx_HAL_Driver/stm32mp2xx_hal_rcc_ex.o
START GROUP
LOAD //?/C:/Program Files/ST/STM32CubeIDE/STM32CubeIDE/plugins/com.st.stm32cube.ide.mcu.externaltools.gnu-tools-for-stm32.13.3.rel1.win32_1.0.0.202411081344/tools/bin/../lib/gcc/arm-none-eabi/13.3.1/../../../../arm-none-eabi/lib/thumb/v8-m.main+fp/hard\libc_nano.a
LOAD //?/C:/Program Files/ST/STM32CubeIDE/STM32CubeIDE/plugins/com.st.stm32cube.ide.mcu.externaltools.gnu-tools-for-stm32.13.3.rel1.win32_1.0.0.202411081344/tools/bin/../lib/gcc/arm-none-eabi/13.3.1/../../../../arm-none-eabi/lib/thumb/v8-m.main+fp/hard\libm.a
END GROUP
START GROUP
LOAD //?/C:/Program Files/ST/STM32CubeIDE/STM32CubeIDE/plugins/com.st.stm32cube.ide.mcu.externaltools.gnu-tools-for-stm32.13.3.rel1.win32_1.0.0.202411081344/tools/bin/../lib/gcc/arm-none-eabi/13.3.1/thumb/v8-m.main+fp/hard\libgcc.a
LOAD //?/C:/Program Files/ST/STM32CubeIDE/STM32CubeIDE/plugins/com.st.stm32cube.ide.mcu.externaltools.gnu-tools-for-stm32.13.3.rel1.win32_1.0.0.202411081344/tools/bin/../lib/gcc/arm-none-eabi/13.3.1/../../../../arm-none-eabi/lib/thumb/v8-m.main+fp/hard\libc_nano.a
END GROUP
START GROUP
LOAD //?/C:/Program Files/ST/STM32CubeIDE/STM32CubeIDE/plugins/com.st.stm32cube.ide.mcu.externaltools.gnu-tools-for-stm32.13.3.rel1.win32_1.0.0.202411081344/tools/bin/../lib/gcc/arm-none-eabi/13.3.1/thumb/v8-m.main+fp/hard\libgcc.a
LOAD //?/C:/Program Files/ST/STM32CubeIDE/STM32CubeIDE/plugins/com.st.stm32cube.ide.mcu.externaltools.gnu-tools-for-stm32.13.3.rel1.win32_1.0.0.202411081344/tools/bin/../lib/gcc/arm-none-eabi/13.3.1/../../../../arm-none-eabi/lib/thumb/v8-m.main+fp/hard\libc_nano.a
LOAD //?/C:/Program Files/ST/STM32CubeIDE/STM32CubeIDE/plugins/com.st.stm32cube.ide.mcu.externaltools.gnu-tools-for-stm32.13.3.rel1.win32_1.0.0.202411081344/tools/bin/../lib/gcc/arm-none-eabi/13.3.1/../../../../arm-none-eabi/lib/thumb/v8-m.main+fp/hard\libnosys.a
END GROUP
START GROUP
LOAD //?/C:/Program Files/ST/STM32CubeIDE/STM32CubeIDE/plugins/com.st.stm32cube.ide.mcu.externaltools.gnu-tools-for-stm32.13.3.rel1.win32_1.0.0.202411081344/tools/bin/../lib/gcc/arm-none-eabi/13.3.1/thumb/v8-m.main+fp/hard\libgcc.a
LOAD //?/C:/Program Files/ST/STM32CubeIDE/STM32CubeIDE/plugins/com.st.stm32cube.ide.mcu.externaltools.gnu-tools-for-stm32.13.3.rel1.win32_1.0.0.202411081344/tools/bin/../lib/gcc/arm-none-eabi/13.3.1/../../../../arm-none-eabi/lib/thumb/v8-m.main+fp/hard\libc_nano.a
LOAD //?/C:/Program Files/ST/STM32CubeIDE/STM32CubeIDE/plugins/com.st.stm32cube.ide.mcu.externaltools.gnu-tools-for-stm32.13.3.rel1.win32_1.0.0.202411081344/tools/bin/../lib/gcc/arm-none-eabi/13.3.1/../../../../arm-none-eabi/lib/thumb/v8-m.main+fp/hard\libnosys.a
END GROUP
LOAD //?/C:/Program Files/ST/STM32CubeIDE/STM32CubeIDE/plugins/com.st.stm32cube.ide.mcu.externaltools.gnu-tools-for-stm32.13.3.rel1.win32_1.0.0.202411081344/tools/bin/../lib/gcc/arm-none-eabi/13.3.1/thumb/v8-m.main+fp/hard/crtend.o
LOAD //?/C:/Program Files/ST/STM32CubeIDE/STM32CubeIDE/plugins/com.st.stm32cube.ide.mcu.externaltools.gnu-tools-for-stm32.13.3.rel1.win32_1.0.0.202411081344/tools/bin/../lib/gcc/arm-none-eabi/13.3.1/thumb/v8-m.main+fp/hard/crtn.o
                0x80b00000                        _estack = (ORIGIN (RAM) + LENGTH (RAM))
                0x00000200                        _Min_Heap_Size = 0x200
                0x00000400                        _Min_Stack_Size = 0x400
                0x00008000                        _virtio_shmem_size = 0x8000
                0x812f8000                        __OPENAMP_region_start__ = ORIGIN (VIRTIO_SHMEM)
                0x81300000                        __OPENAMP_region_end__ = (ORIGIN (VIRTIO_SHMEM) + LENGTH (VIRTIO_SHMEM))
START GROUP
LOAD //?/C:/Program Files/ST/STM32CubeIDE/STM32CubeIDE/plugins/com.st.stm32cube.ide.mcu.externaltools.gnu-tools-for-stm32.13.3.rel1.win32_1.0.0.202411081344/tools/bin/../lib/gcc/arm-none-eabi/13.3.1/thumb/v8-m.main+fp/hard\libgcc.a
LOAD //?/C:/Program Files/ST/STM32CubeIDE/STM32CubeIDE/plugins/com.st.stm32cube.ide.mcu.externaltools.gnu-tools-for-stm32.13.3.rel1.win32_1.0.0.202411081344/tools/bin/../lib/gcc/arm-none-eabi/13.3.1/../../../../arm-none-eabi/lib/thumb/v8-m.main+fp/hard\libc.a
LOAD //?/C:/Program Files/ST/STM32CubeIDE/STM32CubeIDE/plugins/com.st.stm32cube.ide.mcu.externaltools.gnu-tools-for-stm32.13.3.rel1.win32_1.0.0.202411081344/tools/bin/../lib/gcc/arm-none-eabi/13.3.1/../../../../arm-none-eabi/lib/thumb/v8-m.main+fp/hard\libm.a
LOAD //?/C:/Program Files/ST/STM32CubeIDE/STM32CubeIDE/plugins/com.st.stm32cube.ide.mcu.externaltools.gnu-tools-for-stm32.13.3.rel1.win32_1.0.0.202411081344/tools/bin/../lib/gcc/arm-none-eabi/13.3.1/../../../../arm-none-eabi/lib/thumb/v8-m.main+fp/hard\libnosys.a
END GROUP

.isr_vectors    0x80100000      0x540
                0x80100000                        . = ALIGN (0x4)
 *(.isr_vectors)
 .isr_vectors   0x80100000      0x540 ./Core/Startup/startup_stm32mp257fakx.o
                0x80100000                g_pfnVectors
                0x80100000                __Vectors
                0x80100540                        . = ALIGN (0x4)

.resource_table
                0x81200000        0x0
                0x81200000                        . = ALIGN (0x4)
 *(.resource_table*)
                0x81200000                        . = ALIGN (0x4)

.text           0x80a00000     0x13e0
                0x80a00000                        . = ALIGN (0x8)
 *(.text)
 .text          0x80a00000       0x40 //?/C:/Program Files/ST/STM32CubeIDE/STM32CubeIDE/plugins/com.st.stm32cube.ide.mcu.externaltools.gnu-tools-for-stm32.13.3.rel1.win32_1.0.0.202411081344/tools/bin/../lib/gcc/arm-none-eabi/13.3.1/thumb/v8-m.main+fp/hard/crtbegin.o
 .text          0x80a00040       0x30 //?/C:/Program Files/ST/STM32CubeIDE/STM32CubeIDE/plugins/com.st.stm32cube.ide.mcu.externaltools.gnu-tools-for-stm32.13.3.rel1.win32_1.0.0.202411081344/tools/bin/../lib/gcc/arm-none-eabi/13.3.1/thumb/v8-m.main+fp/hard\libgcc.a(_aeabi_uldivmod.o)
                0x80a00040                __aeabi_uldivmod
 .text          0x80a00070      0x348 //?/C:/Program Files/ST/STM32CubeIDE/STM32CubeIDE/plugins/com.st.stm32cube.ide.mcu.externaltools.gnu-tools-for-stm32.13.3.rel1.win32_1.0.0.202411081344/tools/bin/../lib/gcc/arm-none-eabi/13.3.1/thumb/v8-m.main+fp/hard\libgcc.a(_udivmoddi4.o)
                0x80a00070                __udivmoddi4
 .text          0x80a003b8        0x4 //?/C:/Program Files/ST/STM32CubeIDE/STM32CubeIDE/plugins/com.st.stm32cube.ide.mcu.externaltools.gnu-tools-for-stm32.13.3.rel1.win32_1.0.0.202411081344/tools/bin/../lib/gcc/arm-none-eabi/13.3.1/thumb/v8-m.main+fp/hard\libgcc.a(_dvmd_tls.o)
                0x80a003b8                __aeabi_idiv0
                0x80a003b8                __aeabi_ldiv0
 *(.text*)
 .text.SystemInit
                0x80a003bc       0x58 ./Common/System/system_stm32mp2xx_m33.o
                0x80a003bc                SystemInit
 .text.main     0x80a00414       0x10 ./Core/Src/main.o
                0x80a00414                main
 .text.SystemClock_Config
                0x80a00424        0xe ./Core/Src/main.o
                0x80a00424                SystemClock_Config
 .text.HAL_MspInit
                0x80a00432       0x18 ./Core/Src/stm32mp2xx_hal_msp.o
                0x80a00432                HAL_MspInit
 .text.NMI_Handler
                0x80a0044a        0x8 ./Core/Src/stm32mp2xx_it.o
                0x80a0044a                NMI_Handler
 .text.HardFault_Handler
                0x80a00452        0x8 ./Core/Src/stm32mp2xx_it.o
                0x80a00452                HardFault_Handler
 .text.MemManage_Handler
                0x80a0045a        0x8 ./Core/Src/stm32mp2xx_it.o
                0x80a0045a                MemManage_Handler
 .text.BusFault_Handler
                0x80a00462        0x8 ./Core/Src/stm32mp2xx_it.o
                0x80a00462                BusFault_Handler
 .text.UsageFault_Handler
                0x80a0046a        0x8 ./Core/Src/stm32mp2xx_it.o
                0x80a0046a                UsageFault_Handler
 .text.SecureFault_Handler
                0x80a00472        0x8 ./Core/Src/stm32mp2xx_it.o
                0x80a00472                SecureFault_Handler
 .text.SVC_Handler
                0x80a0047a        0xe ./Core/Src/stm32mp2xx_it.o
                0x80a0047a                SVC_Handler
 .text.DebugMon_Handler
                0x80a00488        0xe ./Core/Src/stm32mp2xx_it.o
                0x80a00488                DebugMon_Handler
 .text.PendSV_Handler
                0x80a00496        0xe ./Core/Src/stm32mp2xx_it.o
                0x80a00496                PendSV_Handler
 .text.SysTick_Handler
                0x80a004a4        0xc ./Core/Src/stm32mp2xx_it.o
                0x80a004a4                SysTick_Handler
 .text.RCC_WAKEUP_IRQHandler
                0x80a004b0        0xc ./Core/Src/stm32mp2xx_it.o
                0x80a004b0                RCC_WAKEUP_IRQHandler
 .text.Reset_Handler
                0x80a004bc       0x50 ./Core/Startup/startup_stm32mp257fakx.o
                0x80a004bc                Reset_Handler
 .text.Default_Handler
                0x80a0050c        0x2 ./Core/Startup/startup_stm32mp257fakx.o
                0x80a0050c                HPDMA1_Channel13_IRQHandler
                0x80a0050c                TIM8_TRG_COM_IRQHandler
                0x80a0050c                DDRPHYC_IRQHandler
                0x80a0050c                TIM8_CC_IRQHandler
                0x80a0050c                USB3DR_BC_IRQHandler
                0x80a0050c                HPDMA2_Channel15_IRQHandler
                0x80a0050c                UART8_IRQHandler
                0x80a0050c                EXTI2_8_IRQHandler
                0x80a0050c                SPI4_IRQHandler
                0x80a0050c                CPU2_WAKEUP_PIN_IRQHandler
                0x80a0050c                FDCAN3_IT0_IRQHandler
                0x80a0050c                HPDMA2_Channel2_IRQHandler
                0x80a0050c                ETHSW_MSGBUF_IRQHandler
                0x80a0050c                ETH2_PMT_IRQHandler
                0x80a0050c                TIM1_CC_IRQHandler
                0x80a0050c                HPDMA3_Channel9_IRQHandler
                0x80a0050c                TIM10_IRQHandler
                0x80a0050c                TAMP_IRQHandler
                0x80a0050c                COMBOPHY_WAKEUP_IRQHandler
                0x80a0050c                TIM6_IRQHandler
                0x80a0050c                CSI_IRQHandler
                0x80a0050c                PVD_IRQHandler
                0x80a0050c                I2C1_IRQHandler
                0x80a0050c                LPTIM4_IRQHandler
                0x80a0050c                EXTI2_7_IRQHandler
                0x80a0050c                EXTI2_4_IRQHandler
                0x80a0050c                LPTIM2_IRQHandler
                0x80a0050c                IPCC2_RX_S_IRQHandler
                0x80a0050c                EXTI1_12_IRQHandler
                0x80a0050c                EXTI1_15_IRQHandler
                0x80a0050c                VDEC_IRQHandler
                0x80a0050c                IPCC2_TX_S_IRQHandler
                0x80a0050c                BUSPERFM_IRQHandler
                0x80a0050c                DDRCTRL_IRQHandler
                0x80a0050c                SERF_IRQHandler
                0x80a0050c                MDF1_FLT2_IRQHandler
                0x80a0050c                LPDMA_Channel2_IRQHandler
                0x80a0050c                UCPD1_VSAFE5V_IRQHandler
                0x80a0050c                LPTIM3_IRQHandler
                0x80a0050c                DFI_ERR_IRQHandler
                0x80a0050c                EXTI2_6_IRQHandler
                0x80a0050c                EXTI1_1_IRQHandler
                0x80a0050c                IWDG5_RST_IRQHandler
                0x80a0050c                IWDG4_RST_IRQHandler
                0x80a0050c                HPDMA1_Channel9_IRQHandler
                0x80a0050c                I3C2_IRQHandler
                0x80a0050c                FPU_IRQHandler
                0x80a0050c                IPCC1_RX_IRQHandler
                0x80a0050c                USBH_OHCI_IRQHandler
                0x80a0050c                USB3DR_IRQHandler
                0x80a0050c                MDF1_FLT4_IRQHandler
                0x80a0050c                FDCAN1_IT1_IRQHandler
                0x80a0050c                HPDMA2_Channel6_IRQHandler
                0x80a0050c                EXTI1_6_IRQHandler
                0x80a0050c                RAMCFG_IRQHandler
                0x80a0050c                HPDMA1_Channel3_IRQHandler
                0x80a0050c                HPDMA3_WKUP_IRQHandler
                0x80a0050c                LPDMA_Channel1_IRQHandler
                0x80a0050c                I3C3_IRQHandler
                0x80a0050c                I2C7_IRQHandler
                0x80a0050c                LTDC_ER_IRQHandler
                0x80a0050c                HPDMA2_Channel10_IRQHandler
                0x80a0050c                VDDGPU_VD_IRQHandler
                0x80a0050c                IPCC1_TX_IRQHandler
                0x80a0050c                ADF1_FLT_IRQHandler
                0x80a0050c                HPDMA2_Channel12_IRQHandler
                0x80a0050c                SPI1_IRQHandler
                0x80a0050c                OCTOSPI1_IRQHandler
                0x80a0050c                IWDG3_IRQHandler
                0x80a0050c                IWDG4_IRQHandler
                0x80a0050c                USBH_WAKEUP_IRQHandler
                0x80a0050c                HPDMA3_Channel4_IRQHandler
                0x80a0050c                EXTI2_13_IRQHandler
                0x80a0050c                ETH2_LPI_IRQHandler
                0x80a0050c                MDF1_FLT7_IRQHandler
                0x80a0050c                TIM8_UP_IRQHandler
                0x80a0050c                I3C4_IRQHandler
                0x80a0050c                USBH_EHCI_IRQHandler
                0x80a0050c                HPDMA2_Channel4_IRQHandler
                0x80a0050c                nCTIIRQ2_IRQHandler
                0x80a0050c                HPDMA3_Channel2_IRQHandler
                0x80a0050c                I2C5_IRQHandler
                0x80a0050c                I2C4_IRQHandler
                0x80a0050c                GPU_IRQHandler
                0x80a0050c                OCTOSPI2_IRQHandler
                0x80a0050c                SAI2_IRQHandler
                0x80a0050c                MDF1_FLT1_IRQHandler
                0x80a0050c                ETHSW_IRQHandler
                0x80a0050c                EXTI2_3_IRQHandler
                0x80a0050c                ADC1_IRQHandler
                0x80a0050c                IPCC1_RX_S_IRQHandler
                0x80a0050c                PKA_IRQHandler
                0x80a0050c                USART6_IRQHandler
                0x80a0050c                EXTI2_10_IRQHandler
                0x80a0050c                I2C2_IRQHandler
                0x80a0050c                HPDMA1_Channel2_IRQHandler
                0x80a0050c                MDF1_FLT5_IRQHandler
                0x80a0050c                HPDMA3_Channel7_IRQHandler
                0x80a0050c                TIM20_TRG_COM_IRQHandler
                0x80a0050c                TIM17_IRQHandler
                0x80a0050c                USART3_IRQHandler
                0x80a0050c                HPDMA1_Channel6_IRQHandler
                0x80a0050c                HPDMA3_Channel11_IRQHandler
                0x80a0050c                RTC_IRQHandler
                0x80a0050c                IAC_IRQHandler
                0x80a0050c                HPDMA1_Channel0_IRQHandler
                0x80a0050c                SPI8_IRQHandler
                0x80a0050c                LPTIM5_IRQHandler
                0x80a0050c                HPDMA3_Channel8_IRQHandler
                0x80a0050c                HPDMA1_Channel1_IRQHandler
                0x80a0050c                LTDC_SEC_IRQHandler
                0x80a0050c                UART5_IRQHandler
                0x80a0050c                HPDMA3_Channel14_IRQHandler
                0x80a0050c                ADC3_IRQHandler
                0x80a0050c                TIM4_IRQHandler
                0x80a0050c                HPDMA2_Channel5_IRQHandler
                0x80a0050c                HPDMA3_Channel1_IRQHandler
                0x80a0050c                CRYP2_IRQHandler
                0x80a0050c                DDRPERFM_IRQHandler
                0x80a0050c                HPDMA2_Channel13_IRQHandler
                0x80a0050c                EXTI2_1_IRQHandler
                0x80a0050c                HPDMA1_Channel7_IRQHandler
                0x80a0050c                EXTI2_14_IRQHandler
                0x80a0050c                EXTI1_0_IRQHandler
                0x80a0050c                TIM16_IRQHandler
                0x80a0050c                UART4_IRQHandler
                0x80a0050c                ETH2_SBD_IRQHandler
                0x80a0050c                ETH1_PMT_IRQHandler
                0x80a0050c                TIM3_IRQHandler
                0x80a0050c                RCC_IRQHandler
                0x80a0050c                UART9_IRQHandler
                0x80a0050c                I2C6_IRQHandler
                0x80a0050c                TIM20_UP_IRQHandler
                0x80a0050c                TIM1_TRG_COM_IRQHandler
                0x80a0050c                IWDG2_RST_IRQHandler
                0x80a0050c                nCTIIRQ1_IRQHandler
                0x80a0050c                HPDMA1_WKUP_IRQHandler
                0x80a0050c                Default_Handler
                0x80a0050c                SPI7_IRQHandler
                0x80a0050c                HPDMA1_Channel8_IRQHandler
                0x80a0050c                EXTI1_13_IRQHandler
                0x80a0050c                HPDMA2_Channel14_IRQHandler
                0x80a0050c                TIM14_IRQHandler
                0x80a0050c                TIM13_IRQHandler
                0x80a0050c                EXTI1_8_IRQHandler
                0x80a0050c                OTFDEC1_IRQHandler
                0x80a0050c                HPDMA3_Channel13_IRQHandler
                0x80a0050c                HPDMA2_Channel9_IRQHandler
                0x80a0050c                EXTI2_9_IRQHandler
                0x80a0050c                LPDMA_Channel3_IRQHandler
                0x80a0050c                IPCC1_TX_S_IRQHandler
                0x80a0050c                SPI5_IRQHandler
                0x80a0050c                HPDMA3_Channel10_IRQHandler
                0x80a0050c                EXTI2_11_IRQHandler
                0x80a0050c                TIM12_IRQHandler
                0x80a0050c                TIM7_IRQHandler
                0x80a0050c                FDCAN3_IT1_IRQHandler
                0x80a0050c                HPDMA1_Channel10_IRQHandler
                0x80a0050c                SAES_IRQHandler
                0x80a0050c                SDMMC1_IRQHandler
                0x80a0050c                EXTI1_7_IRQHandler
                0x80a0050c                TIM5_IRQHandler
                0x80a0050c                UCPD1_IRQHandler
                0x80a0050c                HPDMA1_Channel5_IRQHandler
                0x80a0050c                TIM15_IRQHandler
                0x80a0050c                HPDMA1_Channel4_IRQHandler
                0x80a0050c                SDMMC3_IRQHandler
                0x80a0050c                HPDMA2_WKUP_IRQHandler
                0x80a0050c                HPDMA1_Channel15_IRQHandler
                0x80a0050c                VDDCPU_VD_IRQHandler
                0x80a0050c                LTDC_IRQHandler
                0x80a0050c                SAI3_IRQHandler
                0x80a0050c                CPU1_SEV_IRQHandler
                0x80a0050c                I2C3_IRQHandler
                0x80a0050c                ADC2_IRQHandler
                0x80a0050c                SPI2_IRQHandler
                0x80a0050c                EXTI1_5_IRQHandler
                0x80a0050c                HPDMA3_Channel5_IRQHandler
                0x80a0050c                HPDMA3_Channel6_IRQHandler
                0x80a0050c                HPDMA1_Channel11_IRQHandler
                0x80a0050c                EXTI1_9_IRQHandler
                0x80a0050c                HPDMA3_Channel12_IRQHandler
                0x80a0050c                OTFDEC2_IRQHandler
                0x80a0050c                CRYP1_IRQHandler
                0x80a0050c                HPDMA2_Channel11_IRQHandler
                0x80a0050c                VENC_IRQHandler
                0x80a0050c                EXTI1_3_IRQHandler
                0x80a0050c                RCC_HSI_FMON_IRQHandler
                0x80a0050c                HPDMA3_Channel15_IRQHandler
                0x80a0050c                ETH1_LPI_IRQHandler
                0x80a0050c                RTC_S_IRQHandler
                0x80a0050c                RNG_IRQHandler
                0x80a0050c                DCACHE_IRQHandler
                0x80a0050c                FDCAN2_IT1_IRQHandler
                0x80a0050c                PVM_IRQHandler
                0x80a0050c                ETHSW_FSC_IRQHandler
                0x80a0050c                HSEM_S_IRQHandler
                0x80a0050c                IPCC2_RX_IRQHandler
                0x80a0050c                EXTI2_2_IRQHandler
                0x80a0050c                DSI_IRQHandler
                0x80a0050c                HSEM_IRQHandler
                0x80a0050c                IWDG1_RST_IRQHandler
                0x80a0050c                TIM1_UP_IRQHandler
                0x80a0050c                EXTI2_5_IRQHandler
                0x80a0050c                HPDMA2_Channel0_IRQHandler
                0x80a0050c                SPI6_IRQHandler
                0x80a0050c                LTDC_SEC_ER_IRQHandler
                0x80a0050c                EXTI2_0_IRQHandler
                0x80a0050c                FDCAN2_IT0_IRQHandler
                0x80a0050c                I3C1_IRQHandler
                0x80a0050c                UCPD1_VBUS_IRQHandler
                0x80a0050c                HPDMA1_Channel14_IRQHandler
                0x80a0050c                LPUART1_IRQHandler
                0x80a0050c                MDF1_FLT0_IRQHandler
                0x80a0050c                FDCAN1_IT0_IRQHandler
                0x80a0050c                TIM2_IRQHandler
                0x80a0050c                TAMP_S_IRQHandler
                0x80a0050c                HPDMA2_Channel1_IRQHandler
                0x80a0050c                TIM1_BRK_IRQHandler
                0x80a0050c                SDMMC2_IRQHandler
                0x80a0050c                WWDG2_RST_IRQHandler
                0x80a0050c                VDDCORE_VD_IRQHandler
                0x80a0050c                TIM11_IRQHandler
                0x80a0050c                DTS_IRQHandler
                0x80a0050c                UART7_IRQHandler
                0x80a0050c                MDF1_FLT3_IRQHandler
                0x80a0050c                HPDMA3_Channel3_IRQHandler
                0x80a0050c                USART2_IRQHandler
                0x80a0050c                HPDMA2_Channel8_IRQHandler
                0x80a0050c                SAI4_IRQHandler
                0x80a0050c                TIM20_BRK_IRQHandler
                0x80a0050c                SPDIFRX_IRQHandler
                0x80a0050c                TIM8_BRK_IRQHandler
                0x80a0050c                EXTI1_10_IRQHandler
                0x80a0050c                IPCC2_TX_IRQHandler
                0x80a0050c                HPDMA1_Channel12_IRQHandler
                0x80a0050c                EXTI2_12_IRQHandler
                0x80a0050c                EXTI1_2_IRQHandler
                0x80a0050c                WWDG1_IRQHandler
                0x80a0050c                TIM20_CC_IRQHandler
                0x80a0050c                HPDMA2_Channel3_IRQHandler
                0x80a0050c                USART1_IRQHandler
                0x80a0050c                SPI3_IRQHandler
                0x80a0050c                MDF1_FLT6_IRQHandler
                0x80a0050c                DCMIPP_IRQHandler
                0x80a0050c                FMC_IRQHandler
                0x80a0050c                LPDMA_WKUP_IRQHandler
                0x80a0050c                IS2M_IRQHandler
                0x80a0050c                FDCAN_CAL_IRQHandler
                0x80a0050c                ETH1_SBD_IRQHandler
                0x80a0050c                HPDMA2_Channel7_IRQHandler
                0x80a0050c                CPU3_SEV_IRQHandler
                0x80a0050c                I2C8_IRQHandler
                0x80a0050c                LPTIM1_IRQHandler
                0x80a0050c                EXTI2_15_IRQHandler
                0x80a0050c                DCMI_PSSI_IRQHandler
                0x80a0050c                EXTI1_11_IRQHandler
                0x80a0050c                EXTI1_14_IRQHandler
                0x80a0050c                HPDMA3_Channel0_IRQHandler
                0x80a0050c                EXTI1_4_IRQHandler
                0x80a0050c                ICACHE_IRQHandler
                0x80a0050c                LPDMA_Channel0_IRQHandler
                0x80a0050c                SAI1_IRQHandler
                0x80a0050c                HASH_IRQHandler
                0x80a0050c                USB3DR_WAKEUP_IRQHandler
 .text.HAL_Init
                0x80a0050e       0x24 ./Drivers/STM32MP2xx_HAL_Driver/stm32mp2xx_hal.o
                0x80a0050e                HAL_Init
 *fill*         0x80a00532        0x2 
 .text.HAL_InitTick
                0x80a00534       0x48 ./Drivers/STM32MP2xx_HAL_Driver/stm32mp2xx_hal.o
                0x80a00534                HAL_InitTick
 .text.HAL_IncTick
                0x80a0057c       0x1c ./Drivers/STM32MP2xx_HAL_Driver/stm32mp2xx_hal.o
                0x80a0057c                HAL_IncTick
 .text.__NVIC_SetPriorityGrouping
                0x80a00598       0x48 ./Drivers/STM32MP2xx_HAL_Driver/stm32mp2xx_hal_cortex.o
 .text.__NVIC_GetPriorityGrouping
                0x80a005e0       0x1c ./Drivers/STM32MP2xx_HAL_Driver/stm32mp2xx_hal_cortex.o
 .text.__NVIC_EnableIRQ
                0x80a005fc       0x3c ./Drivers/STM32MP2xx_HAL_Driver/stm32mp2xx_hal_cortex.o
 .text.__NVIC_SetPriority
                0x80a00638       0x54 ./Drivers/STM32MP2xx_HAL_Driver/stm32mp2xx_hal_cortex.o
 .text.NVIC_EncodePriority
                0x80a0068c       0x66 ./Drivers/STM32MP2xx_HAL_Driver/stm32mp2xx_hal_cortex.o
 .text.HAL_NVIC_SetPriorityGrouping
                0x80a006f2       0x16 ./Drivers/STM32MP2xx_HAL_Driver/stm32mp2xx_hal_cortex.o
                0x80a006f2                HAL_NVIC_SetPriorityGrouping
 .text.HAL_NVIC_SetPriority
                0x80a00708       0x34 ./Drivers/STM32MP2xx_HAL_Driver/stm32mp2xx_hal_cortex.o
                0x80a00708                HAL_NVIC_SetPriority
 .text.HAL_NVIC_EnableIRQ
                0x80a0073c       0x1c ./Drivers/STM32MP2xx_HAL_Driver/stm32mp2xx_hal_cortex.o
                0x80a0073c                HAL_NVIC_EnableIRQ
 .text.HAL_SYSTICK_Config
                0x80a00758       0x44 ./Drivers/STM32MP2xx_HAL_Driver/stm32mp2xx_hal_cortex.o
                0x80a00758                HAL_SYSTICK_Config
 .text.HAL_SYSTICK_CLKSourceConfig
                0x80a0079c       0x38 ./Drivers/STM32MP2xx_HAL_Driver/stm32mp2xx_hal_cortex.o
                0x80a0079c                HAL_SYSTICK_CLKSourceConfig
 .text.LL_RCC_GetCrossbarSource
                0x80a007d4       0x28 ./Drivers/STM32MP2xx_HAL_Driver/stm32mp2xx_hal_rcc.o
 .text.HAL_RCC_GetFreq
                0x80a007fc      0x344 ./Drivers/STM32MP2xx_HAL_Driver/stm32mp2xx_hal_rcc.o
                0x80a007fc                HAL_RCC_GetFreq
 .text.HAL_RCC_WAKEUP_IRQHandler
                0x80a00b40       0x18 ./Drivers/STM32MP2xx_HAL_Driver/stm32mp2xx_hal_rcc.o
                0x80a00b40                HAL_RCC_WAKEUP_IRQHandler
 .text.HAL_RCC_WAKEUP_Callback
                0x80a00b58       0x14 ./Drivers/STM32MP2xx_HAL_Driver/stm32mp2xx_hal_rcc.o
                0x80a00b58                HAL_RCC_WAKEUP_Callback
 .text.LL_RCC_PLL4_CSG_IsEnabled
                0x80a00b6c       0x2c ./Drivers/STM32MP2xx_HAL_Driver/stm32mp2xx_hal_rcc_ex.o
 .text.LL_RCC_PLL5_CSG_IsEnabled
                0x80a00b98       0x2c ./Drivers/STM32MP2xx_HAL_Driver/stm32mp2xx_hal_rcc_ex.o
 .text.LL_RCC_PLL6_CSG_IsEnabled
                0x80a00bc4       0x2c ./Drivers/STM32MP2xx_HAL_Driver/stm32mp2xx_hal_rcc_ex.o
 .text.LL_RCC_PLL7_CSG_IsEnabled
                0x80a00bf0       0x2c ./Drivers/STM32MP2xx_HAL_Driver/stm32mp2xx_hal_rcc_ex.o
 .text.LL_RCC_PLL8_CSG_IsEnabled
                0x80a00c1c       0x2c ./Drivers/STM32MP2xx_HAL_Driver/stm32mp2xx_hal_rcc_ex.o
 .text.HAL_RCCEx_GetPLL4Config
                0x80a00c48       0xf0 ./Drivers/STM32MP2xx_HAL_Driver/stm32mp2xx_hal_rcc_ex.o
                0x80a00c48                HAL_RCCEx_GetPLL4Config
 .text.HAL_RCCEx_GetPLL5Config
                0x80a00d38       0xf4 ./Drivers/STM32MP2xx_HAL_Driver/stm32mp2xx_hal_rcc_ex.o
                0x80a00d38                HAL_RCCEx_GetPLL5Config
 .text.HAL_RCCEx_GetPLL6Config
                0x80a00e2c       0xf4 ./Drivers/STM32MP2xx_HAL_Driver/stm32mp2xx_hal_rcc_ex.o
                0x80a00e2c                HAL_RCCEx_GetPLL6Config
 .text.HAL_RCCEx_GetPLL7Config
                0x80a00f20       0xf4 ./Drivers/STM32MP2xx_HAL_Driver/stm32mp2xx_hal_rcc_ex.o
                0x80a00f20                HAL_RCCEx_GetPLL7Config
 .text.HAL_RCCEx_GetPLL8Config
                0x80a01014       0xf4 ./Drivers/STM32MP2xx_HAL_Driver/stm32mp2xx_hal_rcc_ex.o
                0x80a01014                HAL_RCCEx_GetPLL8Config
 .text.HAL_RCCEx_GetPLL4ClockFreq
                0x80a01108       0x20 ./Drivers/STM32MP2xx_HAL_Driver/stm32mp2xx_hal_rcc_ex.o
                0x80a01108                HAL_RCCEx_GetPLL4ClockFreq
 .text.HAL_RCCEx_GetPLL5ClockFreq
                0x80a01128       0x20 ./Drivers/STM32MP2xx_HAL_Driver/stm32mp2xx_hal_rcc_ex.o
                0x80a01128                HAL_RCCEx_GetPLL5ClockFreq
 .text.HAL_RCCEx_GetPLL6ClockFreq
                0x80a01148       0x20 ./Drivers/STM32MP2xx_HAL_Driver/stm32mp2xx_hal_rcc_ex.o
                0x80a01148                HAL_RCCEx_GetPLL6ClockFreq
 .text.HAL_RCCEx_GetPLL7ClockFreq
                0x80a01168       0x20 ./Drivers/STM32MP2xx_HAL_Driver/stm32mp2xx_hal_rcc_ex.o
                0x80a01168                HAL_RCCEx_GetPLL7ClockFreq
 .text.HAL_RCCEx_GetPLL8ClockFreq
                0x80a01188       0x20 ./Drivers/STM32MP2xx_HAL_Driver/stm32mp2xx_hal_rcc_ex.o
                0x80a01188                HAL_RCCEx_GetPLL8ClockFreq
 .text.RCCEx_ComputePLLClockFreq
                0x80a011a8      0x1d8 ./Drivers/STM32MP2xx_HAL_Driver/stm32mp2xx_hal_rcc_ex.o
 .text.__libc_init_array
                0x80a01380       0x48 //?/C:/Program Files/ST/STM32CubeIDE/STM32CubeIDE/plugins/com.st.stm32cube.ide.mcu.externaltools.gnu-tools-for-stm32.13.3.rel1.win32_1.0.0.202411081344/tools/bin/../lib/gcc/arm-none-eabi/13.3.1/../../../../arm-none-eabi/lib/thumb/v8-m.main+fp/hard\libc_nano.a(libc_a-init.o)
                0x80a01380                __libc_init_array
 *(.glue_7)
 .glue_7        0x80a013c8        0x0 linker stubs
 *(.glue_7t)
 .glue_7t       0x80a013c8        0x0 linker stubs
 *(.eh_frame)
 .eh_frame      0x80a013c8        0x0 //?/C:/Program Files/ST/STM32CubeIDE/STM32CubeIDE/plugins/com.st.stm32cube.ide.mcu.externaltools.gnu-tools-for-stm32.13.3.rel1.win32_1.0.0.202411081344/tools/bin/../lib/gcc/arm-none-eabi/13.3.1/thumb/v8-m.main+fp/hard/crtbegin.o
 *(.init)
 .init          0x80a013c8        0x4 //?/C:/Program Files/ST/STM32CubeIDE/STM32CubeIDE/plugins/com.st.stm32cube.ide.mcu.externaltools.gnu-tools-for-stm32.13.3.rel1.win32_1.0.0.202411081344/tools/bin/../lib/gcc/arm-none-eabi/13.3.1/thumb/v8-m.main+fp/hard/crti.o
                0x80a013c8                _init
 .init          0x80a013cc        0x8 //?/C:/Program Files/ST/STM32CubeIDE/STM32CubeIDE/plugins/com.st.stm32cube.ide.mcu.externaltools.gnu-tools-for-stm32.13.3.rel1.win32_1.0.0.202411081344/tools/bin/../lib/gcc/arm-none-eabi/13.3.1/thumb/v8-m.main+fp/hard/crtn.o
 *(.fini)
 .fini          0x80a013d4        0x4 //?/C:/Program Files/ST/STM32CubeIDE/STM32CubeIDE/plugins/com.st.stm32cube.ide.mcu.externaltools.gnu-tools-for-stm32.13.3.rel1.win32_1.0.0.202411081344/tools/bin/../lib/gcc/arm-none-eabi/13.3.1/thumb/v8-m.main+fp/hard/crti.o
                0x80a013d4                _fini
 .fini          0x80a013d8        0x8 //?/C:/Program Files/ST/STM32CubeIDE/STM32CubeIDE/plugins/com.st.stm32cube.ide.mcu.externaltools.gnu-tools-for-stm32.13.3.rel1.win32_1.0.0.202411081344/tools/bin/../lib/gcc/arm-none-eabi/13.3.1/thumb/v8-m.main+fp/hard/crtn.o
                0x80a013e0                        . = ALIGN (0x8)

.vfp11_veneer   0x80a013e0        0x0
 .vfp11_veneer  0x80a013e0        0x0 linker stubs

.v4_bx          0x80a013e0        0x0
 .v4_bx         0x80a013e0        0x0 linker stubs

.iplt           0x80a013e0        0x0
 .iplt          0x80a013e0        0x0 //?/C:/Program Files/ST/STM32CubeIDE/STM32CubeIDE/plugins/com.st.stm32cube.ide.mcu.externaltools.gnu-tools-for-stm32.13.3.rel1.win32_1.0.0.202411081344/tools/bin/../lib/gcc/arm-none-eabi/13.3.1/thumb/v8-m.main+fp/hard/crtbegin.o

.rodata         0x80a013e0        0x0
                0x80a013e0                        . = ALIGN (0x8)
 *(.rodata)
 *(.rodata*)
                0x80a013e0                        . = ALIGN (0x8)

.ARM.extab      0x80100600        0x0
                0x80100600                        . = ALIGN (0x8)
 *(.ARM.extab* .gnu.linkonce.armextab.*)
                0x80100600                        . = ALIGN (0x8)

.ARM            0x80100600        0x8
                0x80100600                        . = ALIGN (0x8)
                0x80100600                        __exidx_start = .
 *(.ARM.exidx*)
 .ARM.exidx     0x80100600        0x8 //?/C:/Program Files/ST/STM32CubeIDE/STM32CubeIDE/plugins/com.st.stm32cube.ide.mcu.externaltools.gnu-tools-for-stm32.13.3.rel1.win32_1.0.0.202411081344/tools/bin/../lib/gcc/arm-none-eabi/13.3.1/thumb/v8-m.main+fp/hard\libgcc.a(_udivmoddi4.o)
                0x80100608                        __exidx_end = .
                0x80100608                        . = ALIGN (0x8)

.rel.dyn        0x80100608        0x0
 .rel.iplt      0x80100608        0x0 //?/C:/Program Files/ST/STM32CubeIDE/STM32CubeIDE/plugins/com.st.stm32cube.ide.mcu.externaltools.gnu-tools-for-stm32.13.3.rel1.win32_1.0.0.202411081344/tools/bin/../lib/gcc/arm-none-eabi/13.3.1/thumb/v8-m.main+fp/hard/crtbegin.o

.preinit_array  0x80a013e0        0x0
                0x80a013e0                        . = ALIGN (0x8)
                0x80a013e0                        PROVIDE (__preinit_array_start = .)
 *(.preinit_array*)
                0x80a013e0                        PROVIDE (__preinit_array_end = .)
                0x80a013e0                        . = ALIGN (0x8)

.init_array     0x80a013e0        0x8
                0x80a013e0                        . = ALIGN (0x8)
                0x80a013e0                        PROVIDE (__init_array_start = .)
 *(SORT_BY_NAME(.init_array.*))
 *(.init_array*)
 .init_array    0x80a013e0        0x4 //?/C:/Program Files/ST/STM32CubeIDE/STM32CubeIDE/plugins/com.st.stm32cube.ide.mcu.externaltools.gnu-tools-for-stm32.13.3.rel1.win32_1.0.0.202411081344/tools/bin/../lib/gcc/arm-none-eabi/13.3.1/thumb/v8-m.main+fp/hard/crtbegin.o
                0x80a013e4                        PROVIDE (__init_array_end = .)
                0x80a013e8                        . = ALIGN (0x8)
 *fill*         0x80a013e4        0x4 

.fini_array     0x80a013e8        0x8
                0x80a013e8                        . = ALIGN (0x8)
                [!provide]                        PROVIDE (__fini_array_start = .)
 *(SORT_BY_NAME(.fini_array.*))
 *(.fini_array*)
 .fini_array    0x80a013e8        0x4 //?/C:/Program Files/ST/STM32CubeIDE/STM32CubeIDE/plugins/com.st.stm32cube.ide.mcu.externaltools.gnu-tools-for-stm32.13.3.rel1.win32_1.0.0.202411081344/tools/bin/../lib/gcc/arm-none-eabi/13.3.1/thumb/v8-m.main+fp/hard/crtbegin.o
                [!provide]                        PROVIDE (__fini_array_end = .)
                0x80a013f0                        . = ALIGN (0x8)
 *fill*         0x80a013ec        0x4 
                0x80a013f0                        _sidata = LOADADDR (.data)

.data           0x80a013f0        0x8
                0x80a013f0                        . = ALIGN (0x8)
                0x80a013f0                        _sdata = .
 *(.data)
 *(.data*)
 .data.SystemCoreClock
                0x80a013f0        0x4 ./Common/System/system_stm32mp2xx_m33.o
                0x80a013f0                SystemCoreClock
                0x80a013f8                        . = ALIGN (0x8)
 *fill*         0x80a013f4        0x4 
                0x80a013f8                        _edata = .

.igot.plt       0x80a013f8        0x0
 .igot.plt      0x80a013f8        0x0 //?/C:/Program Files/ST/STM32CubeIDE/STM32CubeIDE/plugins/com.st.stm32cube.ide.mcu.externaltools.gnu-tools-for-stm32.13.3.rel1.win32_1.0.0.202411081344/tools/bin/../lib/gcc/arm-none-eabi/13.3.1/thumb/v8-m.main+fp/hard/crtbegin.o
                0x80a013f8                        . = ALIGN (0x8)

.bss            0x80a013f8       0x20
                0x80a013f8                        _sbss = .
                0x80a013f8                        __bss_start__ = _sbss
 *(.bss)
 .bss           0x80a013f8       0x1c //?/C:/Program Files/ST/STM32CubeIDE/STM32CubeIDE/plugins/com.st.stm32cube.ide.mcu.externaltools.gnu-tools-for-stm32.13.3.rel1.win32_1.0.0.202411081344/tools/bin/../lib/gcc/arm-none-eabi/13.3.1/thumb/v8-m.main+fp/hard/crtbegin.o
 *(.bss*)
 .bss.uwTick    0x80a01414        0x4 ./Drivers/STM32MP2xx_HAL_Driver/stm32mp2xx_hal.o
 *(COMMON)
                0x80a01418                        . = ALIGN (0x8)
                0x80a01418                        _ebss = .
                0x80a01418                        __bss_end__ = _ebss

._user_heap_stack
                0x80a01418      0x600
                0x80a01418                        . = ALIGN (0x8)
                [!provide]                        PROVIDE (end = .)
                0x80a01418                        PROVIDE (_end = .)
                0x80a01618                        . = (. + _Min_Heap_Size)
 *fill*         0x80a01418      0x200 
                0x80a01a18                        . = (. + _Min_Stack_Size)
 *fill*         0x80a01618      0x400 
                0x80a01a18                        . = ALIGN (0x8)

/DISCARD/
 libc.a(*)
 libm.a(*)
 libgcc.a(*)

.ARM.attributes
                0x00000000       0x36
 *(.ARM.attributes)
 .ARM.attributes
                0x00000000       0x26 //?/C:/Program Files/ST/STM32CubeIDE/STM32CubeIDE/plugins/com.st.stm32cube.ide.mcu.externaltools.gnu-tools-for-stm32.13.3.rel1.win32_1.0.0.202411081344/tools/bin/../lib/gcc/arm-none-eabi/13.3.1/thumb/v8-m.main+fp/hard/crti.o
 .ARM.attributes
                0x00000026       0x38 //?/C:/Program Files/ST/STM32CubeIDE/STM32CubeIDE/plugins/com.st.stm32cube.ide.mcu.externaltools.gnu-tools-for-stm32.13.3.rel1.win32_1.0.0.202411081344/tools/bin/../lib/gcc/arm-none-eabi/13.3.1/thumb/v8-m.main+fp/hard/crtbegin.o
 .ARM.attributes
                0x0000005e       0x3a ./Common/System/system_stm32mp2xx_m33.o
 .ARM.attributes
                0x00000098       0x3a ./Core/Src/main.o
 .ARM.attributes
                0x000000d2       0x3a ./Core/Src/stm32mp2xx_hal_msp.o
 .ARM.attributes
                0x0000010c       0x3a ./Core/Src/stm32mp2xx_it.o
 .ARM.attributes
                0x00000146       0x24 ./Core/Startup/startup_stm32mp257fakx.o
 .ARM.attributes
                0x0000016a       0x3a ./Drivers/STM32MP2xx_HAL_Driver/stm32mp2xx_hal.o
 .ARM.attributes
                0x000001a4       0x3a ./Drivers/STM32MP2xx_HAL_Driver/stm32mp2xx_hal_cortex.o
 .ARM.attributes
                0x000001de       0x3a ./Drivers/STM32MP2xx_HAL_Driver/stm32mp2xx_hal_rcc.o
 .ARM.attributes
                0x00000218       0x3a ./Drivers/STM32MP2xx_HAL_Driver/stm32mp2xx_hal_rcc_ex.o
 .ARM.attributes
                0x00000252       0x38 //?/C:/Program Files/ST/STM32CubeIDE/STM32CubeIDE/plugins/com.st.stm32cube.ide.mcu.externaltools.gnu-tools-for-stm32.13.3.rel1.win32_1.0.0.202411081344/tools/bin/../lib/gcc/arm-none-eabi/13.3.1/../../../../arm-none-eabi/lib/thumb/v8-m.main+fp/hard\libc_nano.a(libc_a-init.o)
 .ARM.attributes
                0x0000028a       0x26 //?/C:/Program Files/ST/STM32CubeIDE/STM32CubeIDE/plugins/com.st.stm32cube.ide.mcu.externaltools.gnu-tools-for-stm32.13.3.rel1.win32_1.0.0.202411081344/tools/bin/../lib/gcc/arm-none-eabi/13.3.1/thumb/v8-m.main+fp/hard\libgcc.a(_aeabi_uldivmod.o)
 .ARM.attributes
                0x000002b0       0x38 //?/C:/Program Files/ST/STM32CubeIDE/STM32CubeIDE/plugins/com.st.stm32cube.ide.mcu.externaltools.gnu-tools-for-stm32.13.3.rel1.win32_1.0.0.202411081344/tools/bin/../lib/gcc/arm-none-eabi/13.3.1/thumb/v8-m.main+fp/hard\libgcc.a(_udivmoddi4.o)
 .ARM.attributes
                0x000002e8       0x26 //?/C:/Program Files/ST/STM32CubeIDE/STM32CubeIDE/plugins/com.st.stm32cube.ide.mcu.externaltools.gnu-tools-for-stm32.13.3.rel1.win32_1.0.0.202411081344/tools/bin/../lib/gcc/arm-none-eabi/13.3.1/thumb/v8-m.main+fp/hard\libgcc.a(_dvmd_tls.o)
 .ARM.attributes
                0x0000030e       0x26 //?/C:/Program Files/ST/STM32CubeIDE/STM32CubeIDE/plugins/com.st.stm32cube.ide.mcu.externaltools.gnu-tools-for-stm32.13.3.rel1.win32_1.0.0.202411081344/tools/bin/../lib/gcc/arm-none-eabi/13.3.1/thumb/v8-m.main+fp/hard/crtn.o
OUTPUT(firmware_CM33.elf elf32-littlearm)
LOAD linker stubs

.debug_info     0x00000000     0xace2
 .debug_info    0x00000000     0x1ff3 ./Common/System/system_stm32mp2xx_m33.o
 .debug_info    0x00001ff3      0x111 ./Core/Src/main.o
 .debug_info    0x00002104      0x8ed ./Core/Src/stm32mp2xx_hal_msp.o
 .debug_info    0x000029f1      0x13a ./Core/Src/stm32mp2xx_it.o
 .debug_info    0x00002b2b       0x30 ./Core/Startup/startup_stm32mp257fakx.o
 .debug_info    0x00002b5b     0x15a5 ./Drivers/STM32MP2xx_HAL_Driver/stm32mp2xx_hal.o
 .debug_info    0x00004100     0x1697 ./Drivers/STM32MP2xx_HAL_Driver/stm32mp2xx_hal_cortex.o
 .debug_info    0x00005797     0x267e ./Drivers/STM32MP2xx_HAL_Driver/stm32mp2xx_hal_rcc.o
 .debug_info    0x00007e15     0x2ecd ./Drivers/STM32MP2xx_HAL_Driver/stm32mp2xx_hal_rcc_ex.o

.debug_abbrev   0x00000000     0x1072
 .debug_abbrev  0x00000000      0x1e4 ./Common/System/system_stm32mp2xx_m33.o
 .debug_abbrev  0x000001e4       0xdd ./Core/Src/main.o
 .debug_abbrev  0x000002c1       0xaf ./Core/Src/stm32mp2xx_hal_msp.o
 .debug_abbrev  0x00000370       0x75 ./Core/Src/stm32mp2xx_it.o
 .debug_abbrev  0x000003e5       0x24 ./Core/Startup/startup_stm32mp257fakx.o
 .debug_abbrev  0x00000409      0x26f ./Drivers/STM32MP2xx_HAL_Driver/stm32mp2xx_hal.o
 .debug_abbrev  0x00000678      0x31f ./Drivers/STM32MP2xx_HAL_Driver/stm32mp2xx_hal_cortex.o
 .debug_abbrev  0x00000997      0x353 ./Drivers/STM32MP2xx_HAL_Driver/stm32mp2xx_hal_rcc.o
 .debug_abbrev  0x00000cea      0x388 ./Drivers/STM32MP2xx_HAL_Driver/stm32mp2xx_hal_rcc_ex.o

.debug_aranges  0x00000000      0xb88
 .debug_aranges
                0x00000000       0x38 ./Common/System/system_stm32mp2xx_m33.o
 .debug_aranges
                0x00000038       0x30 ./Core/Src/main.o
 .debug_aranges
                0x00000068       0x20 ./Core/Src/stm32mp2xx_hal_msp.o
 .debug_aranges
                0x00000088       0x70 ./Core/Src/stm32mp2xx_it.o
 .debug_aranges
                0x000000f8       0x28 ./Core/Startup/startup_stm32mp257fakx.o
 .debug_aranges
                0x00000120      0x128 ./Drivers/STM32MP2xx_HAL_Driver/stm32mp2xx_hal.o
 .debug_aranges
                0x00000248      0x138 ./Drivers/STM32MP2xx_HAL_Driver/stm32mp2xx_hal_cortex.o
 .debug_aranges
                0x00000380      0x248 ./Drivers/STM32MP2xx_HAL_Driver/stm32mp2xx_hal_rcc.o
 .debug_aranges
                0x000005c8      0x5c0 ./Drivers/STM32MP2xx_HAL_Driver/stm32mp2xx_hal_rcc_ex.o

.debug_rnglists
                0x00000000      0x89b
 .debug_rnglists
                0x00000000       0x28 ./Common/System/system_stm32mp2xx_m33.o
 .debug_rnglists
                0x00000028       0x1f ./Core/Src/main.o
 .debug_rnglists
                0x00000047       0x13 ./Core/Src/stm32mp2xx_hal_msp.o
 .debug_rnglists
                0x0000005a       0x4f ./Core/Src/stm32mp2xx_it.o
 .debug_rnglists
                0x000000a9       0x19 ./Core/Startup/startup_stm32mp257fakx.o
 .debug_rnglists
                0x000000c2       0xd9 ./Drivers/STM32MP2xx_HAL_Driver/stm32mp2xx_hal.o
 .debug_rnglists
                0x0000019b       0xe5 ./Drivers/STM32MP2xx_HAL_Driver/stm32mp2xx_hal_cortex.o
 .debug_rnglists
                0x00000280      0x1bc ./Drivers/STM32MP2xx_HAL_Driver/stm32mp2xx_hal_rcc.o
 .debug_rnglists
                0x0000043c      0x45f ./Drivers/STM32MP2xx_HAL_Driver/stm32mp2xx_hal_rcc_ex.o

.debug_macro    0x00000000    0x5e52f
 .debug_macro   0x00000000      0x17e ./Common/System/system_stm32mp2xx_m33.o
 .debug_macro   0x0000017e      0xae4 ./Common/System/system_stm32mp2xx_m33.o
 .debug_macro   0x00000c62       0x34 ./Common/System/system_stm32mp2xx_m33.o
 .debug_macro   0x00000c96       0x49 ./Common/System/system_stm32mp2xx_m33.o
 .debug_macro   0x00000cdf       0x22 ./Common/System/system_stm32mp2xx_m33.o
 .debug_macro   0x00000d01       0x8e ./Common/System/system_stm32mp2xx_m33.o
 .debug_macro   0x00000d8f       0x51 ./Common/System/system_stm32mp2xx_m33.o
 .debug_macro   0x00000de0      0x103 ./Common/System/system_stm32mp2xx_m33.o
 .debug_macro   0x00000ee3       0x6a ./Common/System/system_stm32mp2xx_m33.o
 .debug_macro   0x00000f4d      0x1df ./Common/System/system_stm32mp2xx_m33.o
 .debug_macro   0x0000112c       0x1c ./Common/System/system_stm32mp2xx_m33.o
 .debug_macro   0x00001148       0x29 ./Common/System/system_stm32mp2xx_m33.o
 .debug_macro   0x00001171       0xfb ./Common/System/system_stm32mp2xx_m33.o
 .debug_macro   0x0000126c     0x1685 ./Common/System/system_stm32mp2xx_m33.o
 .debug_macro   0x000028f1       0x5e ./Common/System/system_stm32mp2xx_m33.o
 .debug_macro   0x0000294f    0x54337 ./Common/System/system_stm32mp2xx_m33.o
 .debug_macro   0x00056c86       0x6d ./Common/System/system_stm32mp2xx_m33.o
 .debug_macro   0x00056cf3       0xad ./Common/System/system_stm32mp2xx_m33.o
 .debug_macro   0x00056da0      0x190 ./Common/System/system_stm32mp2xx_m33.o
 .debug_macro   0x00056f30       0x71 ./Common/System/system_stm32mp2xx_m33.o
 .debug_macro   0x00056fa1      0xb85 ./Common/System/system_stm32mp2xx_m33.o
 .debug_macro   0x00057b26     0x265a ./Common/System/system_stm32mp2xx_m33.o
 .debug_macro   0x0005a180      0x70a ./Common/System/system_stm32mp2xx_m33.o
 .debug_macro   0x0005a88a      0x7e3 ./Common/System/system_stm32mp2xx_m33.o
 .debug_macro   0x0005b06d      0x535 ./Common/System/system_stm32mp2xx_m33.o
 .debug_macro   0x0005b5a2      0x107 ./Common/System/system_stm32mp2xx_m33.o
 .debug_macro   0x0005b6a9      0x21e ./Common/System/system_stm32mp2xx_m33.o
 .debug_macro   0x0005b8c7      0x652 ./Common/System/system_stm32mp2xx_m33.o
 .debug_macro   0x0005bf19      0x25d ./Common/System/system_stm32mp2xx_m33.o
 .debug_macro   0x0005c176      0x56d ./Common/System/system_stm32mp2xx_m33.o
 .debug_macro   0x0005c6e3      0x508 ./Common/System/system_stm32mp2xx_m33.o
 .debug_macro   0x0005cbeb      0x342 ./Common/System/system_stm32mp2xx_m33.o
 .debug_macro   0x0005cf2d       0x74 ./Common/System/system_stm32mp2xx_m33.o
 .debug_macro   0x0005cfa1      0x195 ./Core/Src/main.o
 .debug_macro   0x0005d136      0x9d1 ./Core/Src/main.o
 .debug_macro   0x0005db07      0x195 ./Core/Src/stm32mp2xx_hal_msp.o
 .debug_macro   0x0005dc9c      0x19f ./Core/Src/stm32mp2xx_it.o
 .debug_macro   0x0005de3b      0x1af ./Drivers/STM32MP2xx_HAL_Driver/stm32mp2xx_hal.o
 .debug_macro   0x0005dfea      0x18b ./Drivers/STM32MP2xx_HAL_Driver/stm32mp2xx_hal_cortex.o
 .debug_macro   0x0005e175      0x1f8 ./Drivers/STM32MP2xx_HAL_Driver/stm32mp2xx_hal_rcc.o
 .debug_macro   0x0005e36d      0x1c2 ./Drivers/STM32MP2xx_HAL_Driver/stm32mp2xx_hal_rcc_ex.o

.debug_line     0x00000000     0x7e92
 .debug_line    0x00000000      0x956 ./Common/System/system_stm32mp2xx_m33.o
 .debug_line    0x00000956      0x6be ./Core/Src/main.o
 .debug_line    0x00001014      0x692 ./Core/Src/stm32mp2xx_hal_msp.o
 .debug_line    0x000016a6      0x76d ./Core/Src/stm32mp2xx_it.o
 .debug_line    0x00001e13       0x7d ./Core/Startup/startup_stm32mp257fakx.o
 .debug_line    0x00001e90      0xa4e ./Drivers/STM32MP2xx_HAL_Driver/stm32mp2xx_hal.o
 .debug_line    0x000028de      0xcee ./Drivers/STM32MP2xx_HAL_Driver/stm32mp2xx_hal_cortex.o
 .debug_line    0x000035cc     0x21fc ./Drivers/STM32MP2xx_HAL_Driver/stm32mp2xx_hal_rcc.o
 .debug_line    0x000057c8     0x26ca ./Drivers/STM32MP2xx_HAL_Driver/stm32mp2xx_hal_rcc_ex.o

.debug_str      0x00000000   0x2457a9
 .debug_str     0x00000000   0x2457a9 ./Common/System/system_stm32mp2xx_m33.o
                             0x23a451 (size before relaxing)
 .debug_str     0x002457a9   0x240304 ./Core/Src/main.o
 .debug_str     0x002457a9   0x241558 ./Core/Src/stm32mp2xx_hal_msp.o
 .debug_str     0x002457a9   0x24038b ./Core/Src/stm32mp2xx_it.o
 .debug_str     0x002457a9       0x91 ./Core/Startup/startup_stm32mp257fakx.o
 .debug_str     0x002457a9   0x241fed ./Drivers/STM32MP2xx_HAL_Driver/stm32mp2xx_hal.o
 .debug_str     0x002457a9   0x241c7e ./Drivers/STM32MP2xx_HAL_Driver/stm32mp2xx_hal_cortex.o
 .debug_str     0x002457a9   0x2424b1 ./Drivers/STM32MP2xx_HAL_Driver/stm32mp2xx_hal_rcc.o
 .debug_str     0x002457a9   0x24274c ./Drivers/STM32MP2xx_HAL_Driver/stm32mp2xx_hal_rcc_ex.o

.comment        0x00000000       0x43
 .comment       0x00000000       0x43 ./Common/System/system_stm32mp2xx_m33.o
                                 0x44 (size before relaxing)
 .comment       0x00000043       0x44 ./Core/Src/main.o
 .comment       0x00000043       0x44 ./Core/Src/stm32mp2xx_hal_msp.o
 .comment       0x00000043       0x44 ./Core/Src/stm32mp2xx_it.o
 .comment       0x00000043       0x44 ./Drivers/STM32MP2xx_HAL_Driver/stm32mp2xx_hal.o
 .comment       0x00000043       0x44 ./Drivers/STM32MP2xx_HAL_Driver/stm32mp2xx_hal_cortex.o
 .comment       0x00000043       0x44 ./Drivers/STM32MP2xx_HAL_Driver/stm32mp2xx_hal_rcc.o
 .comment       0x00000043       0x44 ./Drivers/STM32MP2xx_HAL_Driver/stm32mp2xx_hal_rcc_ex.o

.debug_frame    0x00000000     0x2f9c
 .debug_frame   0x00000000       0xac ./Common/System/system_stm32mp2xx_m33.o
 .debug_frame   0x000000ac       0x64 ./Core/Src/main.o
 .debug_frame   0x00000110       0x2c ./Core/Src/stm32mp2xx_hal_msp.o
 .debug_frame   0x0000013c      0x138 ./Core/Src/stm32mp2xx_it.o
 .debug_frame   0x00000274      0x488 ./Drivers/STM32MP2xx_HAL_Driver/stm32mp2xx_hal.o
 .debug_frame   0x000006fc      0x538 ./Drivers/STM32MP2xx_HAL_Driver/stm32mp2xx_hal_cortex.o
 .debug_frame   0x00000c34      0x9fc ./Drivers/STM32MP2xx_HAL_Driver/stm32mp2xx_hal_rcc.o
 .debug_frame   0x00001630     0x18dc ./Drivers/STM32MP2xx_HAL_Driver/stm32mp2xx_hal_rcc_ex.o
 .debug_frame   0x00002f0c       0x2c //?/C:/Program Files/ST/STM32CubeIDE/STM32CubeIDE/plugins/com.st.stm32cube.ide.mcu.externaltools.gnu-tools-for-stm32.13.3.rel1.win32_1.0.0.202411081344/tools/bin/../lib/gcc/arm-none-eabi/13.3.1/../../../../arm-none-eabi/lib/thumb/v8-m.main+fp/hard\libc_nano.a(libc_a-init.o)
 .debug_frame   0x00002f38       0x2c //?/C:/Program Files/ST/STM32CubeIDE/STM32CubeIDE/plugins/com.st.stm32cube.ide.mcu.externaltools.gnu-tools-for-stm32.13.3.rel1.win32_1.0.0.202411081344/tools/bin/../lib/gcc/arm-none-eabi/13.3.1/thumb/v8-m.main+fp/hard\libgcc.a(_aeabi_uldivmod.o)
 .debug_frame   0x00002f64       0x38 //?/C:/Program Files/ST/STM32CubeIDE/STM32CubeIDE/plugins/com.st.stm32cube.ide.mcu.externaltools.gnu-tools-for-stm32.13.3.rel1.win32_1.0.0.202411081344/tools/bin/../lib/gcc/arm-none-eabi/13.3.1/thumb/v8-m.main+fp/hard\libgcc.a(_udivmoddi4.o)

.debug_line_str
                0x00000000       0x75
 .debug_line_str
                0x00000000       0x75 ./Core/Startup/startup_stm32mp257fakx.o
