../../Drivers/STM32MP2xx_HAL_Driver/Inc/stm32mp2xx_ll_rcc.h:803:22:LL_RCC_HSE_EnableDigBypass	4	static
../../Drivers/STM32MP2xx_HAL_Driver/Inc/stm32mp2xx_ll_rcc.h:814:22:LL_RCC_HSE_DisableDigBypass	4	static
../../Drivers/STM32MP2xx_HAL_Driver/Inc/stm32mp2xx_ll_rcc.h:825:22:LL_RCC_HSE_EnableBypass	4	static
../../Drivers/STM32MP2xx_HAL_Driver/Inc/stm32mp2xx_ll_rcc.h:835:22:LL_RCC_HSE_DisableBypass	4	static
../../Drivers/STM32MP2xx_HAL_Driver/Inc/stm32mp2xx_ll_rcc.h:845:22:LL_RCC_HSE_Enable	4	static
../../Drivers/STM32MP2xx_HAL_Driver/Inc/stm32mp2xx_ll_rcc.h:855:22:LL_RCC_HSE_Disable	4	static
../../Drivers/STM32MP2xx_HAL_Driver/Inc/stm32mp2xx_ll_rcc.h:904:22:LL_RCC_HSI_Enable	4	static
../../Drivers/STM32MP2xx_HAL_Driver/Inc/stm32mp2xx_ll_rcc.h:914:22:LL_RCC_HSI_Disable	4	static
../../Drivers/STM32MP2xx_HAL_Driver/Inc/stm32mp2xx_ll_rcc.h:936:26:LL_RCC_HSI_GetCalibration	4	static
../../Drivers/STM32MP2xx_HAL_Driver/Inc/stm32mp2xx_ll_rcc.h:949:22:LL_RCC_HSI_SetCalibTrimming	16	static
../../Drivers/STM32MP2xx_HAL_Driver/Inc/stm32mp2xx_ll_rcc.h:993:22:LL_RCC_MSI_SetCalibTrimming	16	static
../../Drivers/STM32MP2xx_HAL_Driver/Inc/stm32mp2xx_ll_rcc.h:1003:26:LL_RCC_MSI_GetCalibTrimming	4	static
../../Drivers/STM32MP2xx_HAL_Driver/Inc/stm32mp2xx_ll_rcc.h:1022:22:LL_RCC_LSE_Enable	4	static
../../Drivers/STM32MP2xx_HAL_Driver/Inc/stm32mp2xx_ll_rcc.h:1032:22:LL_RCC_LSE_Disable	4	static
../../Drivers/STM32MP2xx_HAL_Driver/Inc/stm32mp2xx_ll_rcc.h:1042:22:LL_RCC_LSE_EnableBypass	4	static
../../Drivers/STM32MP2xx_HAL_Driver/Inc/stm32mp2xx_ll_rcc.h:1052:22:LL_RCC_LSE_DisableBypass	4	static
../../Drivers/STM32MP2xx_HAL_Driver/Inc/stm32mp2xx_ll_rcc.h:1062:22:LL_RCC_LSE_EnableDigBypass	4	static
../../Drivers/STM32MP2xx_HAL_Driver/Inc/stm32mp2xx_ll_rcc.h:1073:22:LL_RCC_LSE_DisableDigBypass	4	static
../../Drivers/STM32MP2xx_HAL_Driver/Inc/stm32mp2xx_ll_rcc.h:1089:22:LL_RCC_LSE_SetDriveCapability	16	static
../../Drivers/STM32MP2xx_HAL_Driver/Inc/stm32mp2xx_ll_rcc.h:1103:26:LL_RCC_LSE_GetDriveCapability	4	static
../../Drivers/STM32MP2xx_HAL_Driver/Inc/stm32mp2xx_ll_rcc.h:1321:22:LL_RCC_SetAPB1Prescaler	16	static
../../Drivers/STM32MP2xx_HAL_Driver/Inc/stm32mp2xx_ll_rcc.h:1337:22:LL_RCC_SetAPB2Prescaler	16	static
../../Drivers/STM32MP2xx_HAL_Driver/Inc/stm32mp2xx_ll_rcc.h:1353:22:LL_RCC_SetAPB3Prescaler	16	static
../../Drivers/STM32MP2xx_HAL_Driver/Inc/stm32mp2xx_ll_rcc.h:1369:22:LL_RCC_SetAPB4Prescaler	16	static
../../Drivers/STM32MP2xx_HAL_Driver/Inc/stm32mp2xx_ll_rcc.h:1402:22:LL_RCC_SetAPBDBGPrescaler	16	static
../../Drivers/STM32MP2xx_HAL_Driver/Inc/stm32mp2xx_ll_rcc.h:1417:26:LL_RCC_GetAPB1Prescaler	4	static
../../Drivers/STM32MP2xx_HAL_Driver/Inc/stm32mp2xx_ll_rcc.h:1432:26:LL_RCC_GetAPB2Prescaler	4	static
../../Drivers/STM32MP2xx_HAL_Driver/Inc/stm32mp2xx_ll_rcc.h:1447:26:LL_RCC_GetAPB3Prescaler	4	static
../../Drivers/STM32MP2xx_HAL_Driver/Inc/stm32mp2xx_ll_rcc.h:1462:26:LL_RCC_GetAPB4Prescaler	4	static
../../Drivers/STM32MP2xx_HAL_Driver/Inc/stm32mp2xx_ll_rcc.h:1495:26:LL_RCC_GetAPBDBGPrescaler	4	static
../../Drivers/STM32MP2xx_HAL_Driver/Inc/stm32mp2xx_ll_rcc.h:1526:22:LL_RCC_SetCrossbarSource	16	static
../../Drivers/STM32MP2xx_HAL_Driver/Inc/stm32mp2xx_ll_rcc.h:1553:26:LL_RCC_GetCrossbarSource	16	static
../../Drivers/STM32MP2xx_HAL_Driver/Inc/stm32mp2xx_ll_rcc.h:12954:22:LL_RCC_SetRTCClockSource	16	static
../../Drivers/STM32MP2xx_HAL_Driver/Inc/stm32mp2xx_ll_rcc.h:12968:26:LL_RCC_GetRTCClockSource	4	static
../../Drivers/STM32MP2xx_HAL_Driver/Inc/stm32mp2xx_ll_rcc.h:12978:22:LL_RCC_EnableRTC	4	static
../../Drivers/STM32MP2xx_HAL_Driver/Inc/stm32mp2xx_ll_rcc.h:12988:22:LL_RCC_DisableRTC	4	static
../../Drivers/STM32MP2xx_HAL_Driver/Inc/stm32mp2xx_ll_rcc.h:13093:22:LL_RCC_SetRTC_HSEPrescaler	16	static
../../Drivers/STM32MP2xx_HAL_Driver/Inc/stm32mp2xx_ll_rcc.h:13167:26:LL_RCC_GetRTC_HSEPrescaler	4	static
../../Drivers/STM32MP2xx_HAL_Driver/Inc/stm32mp2xx_ll_rcc.h:17356:26:LL_RCC_IsEnabledLocalResSecure	16	static
../../Drivers/STM32MP2xx_HAL_Driver/Inc/stm32mp2xx_ll_rcc.h:17404:26:LL_RCC_IsEnabledLocalResPrivilege	16	static
../../Drivers/STM32MP2xx_HAL_Driver/Inc/stm32mp2xx_ll_rcc.h:17439:26:LL_RCC_IsLockedLocalResConfig	16	static
../../Drivers/STM32MP2xx_HAL_Driver/Inc/stm32mp2xx_ll_rcc.h:17554:26:LL_RCC_GetLocalResCid	24	static
../../Drivers/STM32MP2xx_HAL_Driver/Inc/stm32mp2xx_ll_rcc.h:17578:22:LL_RCC_TakeLocalResSem	16	static
../../Drivers/STM32MP2xx_HAL_Driver/Inc/stm32mp2xx_ll_rcc.h:17592:22:LL_RCC_ReleaseLocalResSem	16	static
../../Drivers/STM32MP2xx_HAL_Driver/Inc/stm32mp2xx_ll_rcc.h:17622:26:LL_RCC_GetLocalResSem	16	static
C:/Users/danie/Documents/GitHub/Watermelon-Wine-Zero-1A/firmware/Drivers/STM32MP2xx_HAL_Driver/Src/stm32mp2xx_hal_rcc.c:156:17:RCC_is_hse_in_use	24	static
C:/Users/danie/Documents/GitHub/Watermelon-Wine-Zero-1A/firmware/Drivers/STM32MP2xx_HAL_Driver/Src/stm32mp2xx_hal_rcc.c:206:17:RCC_is_hsi_in_use	24	static
C:/Users/danie/Documents/GitHub/Watermelon-Wine-Zero-1A/firmware/Drivers/STM32MP2xx_HAL_Driver/Src/stm32mp2xx_hal_rcc.c:256:17:RCC_is_msi_in_use	24	static
C:/Users/danie/Documents/GitHub/Watermelon-Wine-Zero-1A/firmware/Drivers/STM32MP2xx_HAL_Driver/Src/stm32mp2xx_hal_rcc.c:306:17:RCC_is_lsi_in_use	16	static
C:/Users/danie/Documents/GitHub/Watermelon-Wine-Zero-1A/firmware/Drivers/STM32MP2xx_HAL_Driver/Src/stm32mp2xx_hal_rcc.c:331:17:RCC_is_lse_in_use	16	static
C:/Users/danie/Documents/GitHub/Watermelon-Wine-Zero-1A/firmware/Drivers/STM32MP2xx_HAL_Driver/Src/stm32mp2xx_hal_rcc.c:446:19:HAL_RCC_DeInit	16	static
C:/Users/danie/Documents/GitHub/Watermelon-Wine-Zero-1A/firmware/Drivers/STM32MP2xx_HAL_Driver/Src/stm32mp2xx_hal_rcc.c:568:19:HAL_RCC_OscConfig	32	static
C:/Users/danie/Documents/GitHub/Watermelon-Wine-Zero-1A/firmware/Drivers/STM32MP2xx_HAL_Driver/Src/stm32mp2xx_hal_rcc.c:1059:19:HAL_RCC_ClockConfig	32	static
C:/Users/danie/Documents/GitHub/Watermelon-Wine-Zero-1A/firmware/Drivers/STM32MP2xx_HAL_Driver/Src/stm32mp2xx_hal_rcc.c:1961:6:HAL_RCC_MCOConfig	72	static
C:/Users/danie/Documents/GitHub/Watermelon-Wine-Zero-1A/firmware/Drivers/STM32MP2xx_HAL_Driver/Src/stm32mp2xx_hal_rcc.c:2076:6:HAL_RCC_GetOscConfig	24	static
C:/Users/danie/Documents/GitHub/Watermelon-Wine-Zero-1A/firmware/Drivers/STM32MP2xx_HAL_Driver/Src/stm32mp2xx_hal_rcc.c:2182:6:HAL_RCC_GetClockConfig	24	static
C:/Users/danie/Documents/GitHub/Watermelon-Wine-Zero-1A/firmware/Drivers/STM32MP2xx_HAL_Driver/Src/stm32mp2xx_hal_rcc.c:2281:10:HAL_RCC_GetFreq	48	static
C:/Users/danie/Documents/GitHub/Watermelon-Wine-Zero-1A/firmware/Drivers/STM32MP2xx_HAL_Driver/Src/stm32mp2xx_hal_rcc.c:2487:10:HAL_RCC_GetSource	32	static
C:/Users/danie/Documents/GitHub/Watermelon-Wine-Zero-1A/firmware/Drivers/STM32MP2xx_HAL_Driver/Src/stm32mp2xx_hal_rcc.c:2505:10:HAL_RCC_GetCM33Freq	8	static
C:/Users/danie/Documents/GitHub/Watermelon-Wine-Zero-1A/firmware/Drivers/STM32MP2xx_HAL_Driver/Src/stm32mp2xx_hal_rcc.c:2514:6:HAL_RCC_IRQHandler	16	static
C:/Users/danie/Documents/GitHub/Watermelon-Wine-Zero-1A/firmware/Drivers/STM32MP2xx_HAL_Driver/Src/stm32mp2xx_hal_rcc.c:2530:13:HAL_RCC_Callback	16	static
C:/Users/danie/Documents/GitHub/Watermelon-Wine-Zero-1A/firmware/Drivers/STM32MP2xx_HAL_Driver/Src/stm32mp2xx_hal_rcc.c:2542:6:HAL_RCC_WAKEUP_IRQHandler	16	static
C:/Users/danie/Documents/GitHub/Watermelon-Wine-Zero-1A/firmware/Drivers/STM32MP2xx_HAL_Driver/Src/stm32mp2xx_hal_rcc.c:2556:13:HAL_RCC_WAKEUP_Callback	16	static
C:/Users/danie/Documents/GitHub/Watermelon-Wine-Zero-1A/firmware/Drivers/STM32MP2xx_HAL_Driver/Src/stm32mp2xx_hal_rcc.c:2568:6:HAL_RCC_HSIMON_IRQHandler	16	static
C:/Users/danie/Documents/GitHub/Watermelon-Wine-Zero-1A/firmware/Drivers/STM32MP2xx_HAL_Driver/Src/stm32mp2xx_hal_rcc.c:2582:13:HAL_RCC_HSIMON_Callback	16	static
C:/Users/danie/Documents/GitHub/Watermelon-Wine-Zero-1A/firmware/Drivers/STM32MP2xx_HAL_Driver/Src/stm32mp2xx_hal_rcc.c:2594:13:HAL_RCC_CSSCallback	4	static
C:/Users/danie/Documents/GitHub/Watermelon-Wine-Zero-1A/firmware/Drivers/STM32MP2xx_HAL_Driver/Src/stm32mp2xx_hal_rcc.c:2603:35:WAIT_MUTEX_WRITTEN_IN_RCC_RxSEMCR	16	static
C:/Users/danie/Documents/GitHub/Watermelon-Wine-Zero-1A/firmware/Drivers/STM32MP2xx_HAL_Driver/Src/stm32mp2xx_hal_rcc.c:2816:19:HAL_RCC_GetConfigAttributes	24	static
C:/Users/danie/Documents/GitHub/Watermelon-Wine-Zero-1A/firmware/Drivers/STM32MP2xx_HAL_Driver/Src/stm32mp2xx_hal_rcc.c:2888:19:HAL_RCC_TakeLocalResSemaphore	24	static
C:/Users/danie/Documents/GitHub/Watermelon-Wine-Zero-1A/firmware/Drivers/STM32MP2xx_HAL_Driver/Src/stm32mp2xx_hal_rcc.c:2938:19:HAL_RCC_ReleaseLocalResSemaphore	24	static
