../../Drivers/CMSIS/Include/core_cm33.h:2359:22:__NVIC_SetPriorityGrouping	24	static
../../Drivers/CMSIS/Include/core_cm33.h:2378:26:__NVIC_GetPriorityGrouping	4	static
../../Drivers/CMSIS/Include/core_cm33.h:2390:22:__NVIC_EnableIRQ	16	static,ignoring_inline_asm
../../Drivers/CMSIS/Include/core_cm33.h:2428:22:__NVIC_DisableIRQ	16	static,ignoring_inline_asm
../../Drivers/CMSIS/Include/core_cm33.h:2447:26:__NVIC_GetPendingIRQ	16	static
../../Drivers/CMSIS/Include/core_cm33.h:2466:22:__NVIC_SetPendingIRQ	16	static
../../Drivers/CMSIS/Include/core_cm33.h:2481:22:__NVIC_ClearPendingIRQ	16	static
../../Drivers/CMSIS/Include/core_cm33.h:2498:26:__NVIC_GetActive	16	static
../../Drivers/CMSIS/Include/core_cm33.h:2587:22:__NVIC_SetPriority	16	static
../../Drivers/CMSIS/Include/core_cm33.h:2609:26:__NVIC_GetPriority	16	static
../../Drivers/CMSIS/Include/core_cm33.h:2634:26:NVIC_EncodePriority	40	static
../../Drivers/CMSIS/Include/core_cm33.h:2661:22:NVIC_DecodePriority	40	static
../../Drivers/CMSIS/Include/core_cm33.h:2711:34:__NVIC_SystemReset	4	static,ignoring_inline_asm
C:/Users/danie/Documents/GitHub/Watermelon-Wine-Zero-1A/firmware/Drivers/STM32MP2xx_HAL_Driver/Src/stm32mp2xx_hal_cortex.c:192:6:HAL_NVIC_SetPriorityGrouping	16	static
C:/Users/danie/Documents/GitHub/Watermelon-Wine-Zero-1A/firmware/Drivers/STM32MP2xx_HAL_Driver/Src/stm32mp2xx_hal_cortex.c:215:6:HAL_NVIC_SetPriority	32	static
C:/Users/danie/Documents/GitHub/Watermelon-Wine-Zero-1A/firmware/Drivers/STM32MP2xx_HAL_Driver/Src/stm32mp2xx_hal_cortex.c:252:6:HAL_NVIC_EnableIRQ	16	static
C:/Users/danie/Documents/GitHub/Watermelon-Wine-Zero-1A/firmware/Drivers/STM32MP2xx_HAL_Driver/Src/stm32mp2xx_hal_cortex.c:269:6:HAL_NVIC_DisableIRQ	16	static
C:/Users/danie/Documents/GitHub/Watermelon-Wine-Zero-1A/firmware/Drivers/STM32MP2xx_HAL_Driver/Src/stm32mp2xx_hal_cortex.c:282:6:HAL_NVIC_SystemReset	8	static
C:/Users/danie/Documents/GitHub/Watermelon-Wine-Zero-1A/firmware/Drivers/STM32MP2xx_HAL_Driver/Src/stm32mp2xx_hal_cortex.c:295:10:HAL_SYSTICK_Config	16	static
C:/Users/danie/Documents/GitHub/Watermelon-Wine-Zero-1A/firmware/Drivers/STM32MP2xx_HAL_Driver/Src/stm32mp2xx_hal_cortex.c:344:10:HAL_NVIC_GetPriorityGrouping	8	static
C:/Users/danie/Documents/GitHub/Watermelon-Wine-Zero-1A/firmware/Drivers/STM32MP2xx_HAL_Driver/Src/stm32mp2xx_hal_cortex.c:374:6:HAL_NVIC_GetPriority	24	static
C:/Users/danie/Documents/GitHub/Watermelon-Wine-Zero-1A/firmware/Drivers/STM32MP2xx_HAL_Driver/Src/stm32mp2xx_hal_cortex.c:409:6:HAL_NVIC_SetPendingIRQ	16	static
C:/Users/danie/Documents/GitHub/Watermelon-Wine-Zero-1A/firmware/Drivers/STM32MP2xx_HAL_Driver/Src/stm32mp2xx_hal_cortex.c:450:10:HAL_NVIC_GetPendingIRQ	24	static
C:/Users/danie/Documents/GitHub/Watermelon-Wine-Zero-1A/firmware/Drivers/STM32MP2xx_HAL_Driver/Src/stm32mp2xx_hal_cortex.c:495:6:HAL_NVIC_ClearPendingIRQ	16	static
C:/Users/danie/Documents/GitHub/Watermelon-Wine-Zero-1A/firmware/Drivers/STM32MP2xx_HAL_Driver/Src/stm32mp2xx_hal_cortex.c:536:10:HAL_NVIC_GetActive	16	static
C:/Users/danie/Documents/GitHub/Watermelon-Wine-Zero-1A/firmware/Drivers/STM32MP2xx_HAL_Driver/Src/stm32mp2xx_hal_cortex.c:579:6:HAL_SYSTICK_CLKSourceConfig	16	static
C:/Users/danie/Documents/GitHub/Watermelon-Wine-Zero-1A/firmware/Drivers/STM32MP2xx_HAL_Driver/Src/stm32mp2xx_hal_cortex.c:597:6:HAL_SYSTICK_IRQHandler	8	static
C:/Users/danie/Documents/GitHub/Watermelon-Wine-Zero-1A/firmware/Drivers/STM32MP2xx_HAL_Driver/Src/stm32mp2xx_hal_cortex.c:606:13:HAL_SYSTICK_Callback	4	static
C:/Users/danie/Documents/GitHub/Watermelon-Wine-Zero-1A/firmware/Drivers/STM32MP2xx_HAL_Driver/Src/stm32mp2xx_hal_cortex.c:626:6:HAL_MPU_Enable	16	static,ignoring_inline_asm
C:/Users/danie/Documents/GitHub/Watermelon-Wine-Zero-1A/firmware/Drivers/STM32MP2xx_HAL_Driver/Src/stm32mp2xx_hal_cortex.c:685:6:HAL_MPU_Disable	4	static,ignoring_inline_asm
C:/Users/danie/Documents/GitHub/Watermelon-Wine-Zero-1A/firmware/Drivers/STM32MP2xx_HAL_Driver/Src/stm32mp2xx_hal_cortex.c:737:6:HAL_MPU_EnableRegion	16	static
C:/Users/danie/Documents/GitHub/Watermelon-Wine-Zero-1A/firmware/Drivers/STM32MP2xx_HAL_Driver/Src/stm32mp2xx_hal_cortex.c:782:6:HAL_MPU_DisableRegion	16	static
C:/Users/danie/Documents/GitHub/Watermelon-Wine-Zero-1A/firmware/Drivers/STM32MP2xx_HAL_Driver/Src/stm32mp2xx_hal_cortex.c:828:6:HAL_MPU_ConfigRegion	16	static
C:/Users/danie/Documents/GitHub/Watermelon-Wine-Zero-1A/firmware/Drivers/STM32MP2xx_HAL_Driver/Src/stm32mp2xx_hal_cortex.c:852:6:HAL_MPU_ConfigMemoryAttributes	16	static
C:/Users/danie/Documents/GitHub/Watermelon-Wine-Zero-1A/firmware/Drivers/STM32MP2xx_HAL_Driver/Src/stm32mp2xx_hal_cortex.c:881:13:MPU_ConfigRegion	16	static,ignoring_inline_asm
C:/Users/danie/Documents/GitHub/Watermelon-Wine-Zero-1A/firmware/Drivers/STM32MP2xx_HAL_Driver/Src/stm32mp2xx_hal_cortex.c:913:13:MPU_ConfigMemoryAttributes	32	static,ignoring_inline_asm
