C:/Users/danie/Documents/GitHub/Watermelon-Wine-Zero-1A/firmware/Drivers/STM32MP2xx_HAL_Driver/Src/stm32mp2xx_hal_pwr.c:138:6:HAL_PWR_EnableBkUpD3Access	4	static
C:/Users/danie/Documents/GitHub/Watermelon-Wine-Zero-1A/firmware/Drivers/STM32MP2xx_HAL_Driver/Src/stm32mp2xx_hal_pwr.c:148:6:HAL_PWR_DisableBkUpD3Access	4	static
C:/Users/danie/Documents/GitHub/Watermelon-Wine-Zero-1A/firmware/Drivers/STM32MP2xx_HAL_Driver/Src/stm32mp2xx_hal_pwr.c:316:6:HAL_PWR_ConfigPVD	16	static
C:/Users/danie/Documents/GitHub/Watermelon-Wine-Zero-1A/firmware/Drivers/STM32MP2xx_HAL_Driver/Src/stm32mp2xx_hal_pwr.c:352:6:HAL_PWR_EnablePVD	4	static
C:/Users/danie/Documents/GitHub/Watermelon-Wine-Zero-1A/firmware/Drivers/STM32MP2xx_HAL_Driver/Src/stm32mp2xx_hal_pwr.c:362:6:HAL_PWR_DisablePVD	4	static
C:/Users/danie/Documents/GitHub/Watermelon-Wine-Zero-1A/firmware/Drivers/STM32MP2xx_HAL_Driver/Src/stm32mp2xx_hal_pwr.c:373:10:HAL_PWR_GetPVDRange	16	static
C:/Users/danie/Documents/GitHub/Watermelon-Wine-Zero-1A/firmware/Drivers/STM32MP2xx_HAL_Driver/Src/stm32mp2xx_hal_pwr.c:399:6:HAL_PWR_PVD_IRQHandler	8	static
C:/Users/danie/Documents/GitHub/Watermelon-Wine-Zero-1A/firmware/Drivers/STM32MP2xx_HAL_Driver/Src/stm32mp2xx_hal_pwr.c:418:13:HAL_PWR_PVD_EqualHigherCallback	4	static
C:/Users/danie/Documents/GitHub/Watermelon-Wine-Zero-1A/firmware/Drivers/STM32MP2xx_HAL_Driver/Src/stm32mp2xx_hal_pwr.c:424:13:HAL_PWR_PVD_LowerCallback	4	static
C:/Users/danie/Documents/GitHub/Watermelon-Wine-Zero-1A/firmware/Drivers/STM32MP2xx_HAL_Driver/Src/stm32mp2xx_hal_pwr.c:442:6:HAL_PWR_EnableD3WakeUpTamper	4	static
C:/Users/danie/Documents/GitHub/Watermelon-Wine-Zero-1A/firmware/Drivers/STM32MP2xx_HAL_Driver/Src/stm32mp2xx_hal_pwr.c:453:6:HAL_PWR_DisableD3WakeUpTamper	4	static
C:/Users/danie/Documents/GitHub/Watermelon-Wine-Zero-1A/firmware/Drivers/STM32MP2xx_HAL_Driver/Src/stm32mp2xx_hal_pwr.c:463:10:HAL_PWR_IsTamperD3WakeUpCapable	4	static
C:/Users/danie/Documents/GitHub/Watermelon-Wine-Zero-1A/firmware/Drivers/STM32MP2xx_HAL_Driver/Src/stm32mp2xx_hal_pwr.c:505:6:HAL_PWR_EnableWakeUpPin	32	static
C:/Users/danie/Documents/GitHub/Watermelon-Wine-Zero-1A/firmware/Drivers/STM32MP2xx_HAL_Driver/Src/stm32mp2xx_hal_pwr.c:543:6:HAL_PWR_DisableWakeUpPin	24	static
C:/Users/danie/Documents/GitHub/Watermelon-Wine-Zero-1A/firmware/Drivers/STM32MP2xx_HAL_Driver/Src/stm32mp2xx_hal_pwr.c:569:10:HAL_PWR_IsWakeUpCapable	24	static
C:/Users/danie/Documents/GitHub/Watermelon-Wine-Zero-1A/firmware/Drivers/STM32MP2xx_HAL_Driver/Src/stm32mp2xx_hal_pwr.c:600:6:HAL_PWR_EnableWakeUpExtiIT	16	static
C:/Users/danie/Documents/GitHub/Watermelon-Wine-Zero-1A/firmware/Drivers/STM32MP2xx_HAL_Driver/Src/stm32mp2xx_hal_pwr.c:622:6:HAL_PWR_DisableWakeUpExtiIT	16	static
C:/Users/danie/Documents/GitHub/Watermelon-Wine-Zero-1A/firmware/Drivers/STM32MP2xx_HAL_Driver/Src/stm32mp2xx_hal_pwr.c:644:10:HAL_PWR_IsWakeUpExtiCapable	16	static
C:/Users/danie/Documents/GitHub/Watermelon-Wine-Zero-1A/firmware/Drivers/STM32MP2xx_HAL_Driver/Src/stm32mp2xx_hal_pwr.c:657:10:HAL_PWR_CPU1State	4	static
C:/Users/danie/Documents/GitHub/Watermelon-Wine-Zero-1A/firmware/Drivers/STM32MP2xx_HAL_Driver/Src/stm32mp2xx_hal_pwr.c:661:10:HAL_PWR_CPU2State	4	static
C:/Users/danie/Documents/GitHub/Watermelon-Wine-Zero-1A/firmware/Drivers/STM32MP2xx_HAL_Driver/Src/stm32mp2xx_hal_pwr.c:666:10:HAL_PWR_CPU3State	4	static
C:/Users/danie/Documents/GitHub/Watermelon-Wine-Zero-1A/firmware/Drivers/STM32MP2xx_HAL_Driver/Src/stm32mp2xx_hal_pwr.c:675:10:HAL_PWR_D1State	4	static
C:/Users/danie/Documents/GitHub/Watermelon-Wine-Zero-1A/firmware/Drivers/STM32MP2xx_HAL_Driver/Src/stm32mp2xx_hal_pwr.c:684:10:HAL_PWR_D2State	4	static
C:/Users/danie/Documents/GitHub/Watermelon-Wine-Zero-1A/firmware/Drivers/STM32MP2xx_HAL_Driver/Src/stm32mp2xx_hal_pwr.c:694:10:HAL_PWR_D3State	4	static
C:/Users/danie/Documents/GitHub/Watermelon-Wine-Zero-1A/firmware/Drivers/STM32MP2xx_HAL_Driver/Src/stm32mp2xx_hal_pwr.c:704:10:HAL_PWR_HasD1BeenInStandby	4	static
C:/Users/danie/Documents/GitHub/Watermelon-Wine-Zero-1A/firmware/Drivers/STM32MP2xx_HAL_Driver/Src/stm32mp2xx_hal_pwr.c:709:10:HAL_PWR_HasD2BeenInStandby	4	static
C:/Users/danie/Documents/GitHub/Watermelon-Wine-Zero-1A/firmware/Drivers/STM32MP2xx_HAL_Driver/Src/stm32mp2xx_hal_pwr.c:714:10:HAL_PWR_HasD3BeenInStandby	4	static
C:/Users/danie/Documents/GitHub/Watermelon-Wine-Zero-1A/firmware/Drivers/STM32MP2xx_HAL_Driver/Src/stm32mp2xx_hal_pwr.c:723:10:HAL_PWR_HasSystemBeenInStandby	4	static
C:/Users/danie/Documents/GitHub/Watermelon-Wine-Zero-1A/firmware/Drivers/STM32MP2xx_HAL_Driver/Src/stm32mp2xx_hal_pwr.c:737:10:HAL_PWR_HasSystemBeenInVBAT	4	static
C:/Users/danie/Documents/GitHub/Watermelon-Wine-Zero-1A/firmware/Drivers/STM32MP2xx_HAL_Driver/Src/stm32mp2xx_hal_pwr.c:748:10:HAL_PWR_HasSystemBeenInStop	4	static
C:/Users/danie/Documents/GitHub/Watermelon-Wine-Zero-1A/firmware/Drivers/STM32MP2xx_HAL_Driver/Src/stm32mp2xx_hal_pwr.c:774:6:HAL_PWR_EnterSLEEPMode	16	static,ignoring_inline_asm
C:/Users/danie/Documents/GitHub/Watermelon-Wine-Zero-1A/firmware/Drivers/STM32MP2xx_HAL_Driver/Src/stm32mp2xx_hal_pwr.c:821:6:HAL_PWR_EnterSTOPMode	16	static,ignoring_inline_asm
C:/Users/danie/Documents/GitHub/Watermelon-Wine-Zero-1A/firmware/Drivers/STM32MP2xx_HAL_Driver/Src/stm32mp2xx_hal_pwr.c:871:6:HAL_PWR_EnterSTANDBYMode	16	static,ignoring_inline_asm
C:/Users/danie/Documents/GitHub/Watermelon-Wine-Zero-1A/firmware/Drivers/STM32MP2xx_HAL_Driver/Src/stm32mp2xx_hal_pwr.c:921:6:HAL_PWR_EnableSleepOnExit	8	static
C:/Users/danie/Documents/GitHub/Watermelon-Wine-Zero-1A/firmware/Drivers/STM32MP2xx_HAL_Driver/Src/stm32mp2xx_hal_pwr.c:938:6:HAL_PWR_DisableSleepOnExit	4	static
C:/Users/danie/Documents/GitHub/Watermelon-Wine-Zero-1A/firmware/Drivers/STM32MP2xx_HAL_Driver/Src/stm32mp2xx_hal_pwr.c:954:6:HAL_PWR_EnableStopOnExit	16	static
C:/Users/danie/Documents/GitHub/Watermelon-Wine-Zero-1A/firmware/Drivers/STM32MP2xx_HAL_Driver/Src/stm32mp2xx_hal_pwr.c:973:6:HAL_PWR_DisableStopOnExit	8	static
C:/Users/danie/Documents/GitHub/Watermelon-Wine-Zero-1A/firmware/Drivers/STM32MP2xx_HAL_Driver/Src/stm32mp2xx_hal_pwr.c:992:6:SetRegulatorStopModeIndicator	24	static
C:/Users/danie/Documents/GitHub/Watermelon-Wine-Zero-1A/firmware/Drivers/STM32MP2xx_HAL_Driver/Src/stm32mp2xx_hal_pwr.c:1020:6:ClearRegulatorStopModeIndicator	4	static
C:/Users/danie/Documents/GitHub/Watermelon-Wine-Zero-1A/firmware/Drivers/STM32MP2xx_HAL_Driver/Src/stm32mp2xx_hal_pwr.c:1039:6:GateCortexSubsystemClockOnSleepEntry	4	static
C:/Users/danie/Documents/GitHub/Watermelon-Wine-Zero-1A/firmware/Drivers/STM32MP2xx_HAL_Driver/Src/stm32mp2xx_hal_pwr.c:1054:6:KeepCortexSubsystemClockOnSleepEntry	4	static
C:/Users/danie/Documents/GitHub/Watermelon-Wine-Zero-1A/firmware/Drivers/STM32MP2xx_HAL_Driver/Src/stm32mp2xx_hal_pwr.c:1068:6:ClearStandbyRequest	4	static
C:/Users/danie/Documents/GitHub/Watermelon-Wine-Zero-1A/firmware/Drivers/STM32MP2xx_HAL_Driver/Src/stm32mp2xx_hal_pwr.c:1092:6:SetStandbyRequest	16	static
C:/Users/danie/Documents/GitHub/Watermelon-Wine-Zero-1A/firmware/Drivers/STM32MP2xx_HAL_Driver/Src/stm32mp2xx_hal_pwr.c:1122:6:HAL_PWR_EnableSEVOnPend	4	static
C:/Users/danie/Documents/GitHub/Watermelon-Wine-Zero-1A/firmware/Drivers/STM32MP2xx_HAL_Driver/Src/stm32mp2xx_hal_pwr.c:1136:6:HAL_PWR_DisableSEVOnPend	4	static
C:/Users/danie/Documents/GitHub/Watermelon-Wine-Zero-1A/firmware/Drivers/STM32MP2xx_HAL_Driver/Src/stm32mp2xx_hal_pwr.c:1154:19:HAL_PWR_ConfigWioResourceAttributes	32	static
C:/Users/danie/Documents/GitHub/Watermelon-Wine-Zero-1A/firmware/Drivers/STM32MP2xx_HAL_Driver/Src/stm32mp2xx_hal_pwr.c:1229:19:HAL_PWR_GetConfigWioResourceAttributes	32	static
C:/Users/danie/Documents/GitHub/Watermelon-Wine-Zero-1A/firmware/Drivers/STM32MP2xx_HAL_Driver/Src/stm32mp2xx_hal_pwr.c:1296:19:HAL_PWR_ConfigNonShareableResourceAttributes	32	static
C:/Users/danie/Documents/GitHub/Watermelon-Wine-Zero-1A/firmware/Drivers/STM32MP2xx_HAL_Driver/Src/stm32mp2xx_hal_pwr.c:1363:19:HAL_PWR_GetConfigNonShareableResourceAttributes	32	static
C:/Users/danie/Documents/GitHub/Watermelon-Wine-Zero-1A/firmware/Drivers/STM32MP2xx_HAL_Driver/Src/stm32mp2xx_hal_pwr.c:1417:19:HAL_PWR_TakeResourceSemaphore	32	static
C:/Users/danie/Documents/GitHub/Watermelon-Wine-Zero-1A/firmware/Drivers/STM32MP2xx_HAL_Driver/Src/stm32mp2xx_hal_pwr.c:1460:19:HAL_PWR_ReleaseResourceSemaphore	32	static
C:/Users/danie/Documents/GitHub/Watermelon-Wine-Zero-1A/firmware/Drivers/STM32MP2xx_HAL_Driver/Src/stm32mp2xx_hal_pwr.c:1497:6:HAL_PWR_ConfigResourceAttributes	16	static
C:/Users/danie/Documents/GitHub/Watermelon-Wine-Zero-1A/firmware/Drivers/STM32MP2xx_HAL_Driver/Src/stm32mp2xx_hal_pwr.c:1520:19:HAL_PWR_GetConfigResourceAttributes	16	static
