C:/Users/danie/Documents/GitHub/Watermelon-Wine-Zero-1A/firmware/Drivers/STM32MP2xx_HAL_Driver/Src/stm32mp2xx_hal_pwr_ex.c:174:6:HAL_PWREx_EnableBkUpRamContentStandbyRetention	4	static
C:/Users/danie/Documents/GitHub/Watermelon-Wine-Zero-1A/firmware/Drivers/STM32MP2xx_HAL_Driver/Src/stm32mp2xx_hal_pwr_ex.c:186:6:HAL_PWREx_DisableBkUpRamContentStandbyRetention	4	static
C:/Users/danie/Documents/GitHub/Watermelon-Wine-Zero-1A/firmware/Drivers/STM32MP2xx_HAL_Driver/Src/stm32mp2xx_hal_pwr_ex.c:202:6:HAL_PWREx_EnableRetRamContentStandbyRetention	16	static
C:/Users/danie/Documents/GitHub/Watermelon-Wine-Zero-1A/firmware/Drivers/STM32MP2xx_HAL_Driver/Src/stm32mp2xx_hal_pwr_ex.c:214:6:HAL_PWREx_DisableRetRamContentStandbyRetention	4	static
C:/Users/danie/Documents/GitHub/Watermelon-Wine-Zero-1A/firmware/Drivers/STM32MP2xx_HAL_Driver/Src/stm32mp2xx_hal_pwr_ex.c:227:6:HAL_PWREx_EnableLpsram1ContentStandby2Retention	4	static
C:/Users/danie/Documents/GitHub/Watermelon-Wine-Zero-1A/firmware/Drivers/STM32MP2xx_HAL_Driver/Src/stm32mp2xx_hal_pwr_ex.c:238:6:HAL_PWREx_DisableLpsram1ContentStandby2Retention	4	static
C:/Users/danie/Documents/GitHub/Watermelon-Wine-Zero-1A/firmware/Drivers/STM32MP2xx_HAL_Driver/Src/stm32mp2xx_hal_pwr_ex.c:250:19:HAL_PWREx_EnableGPUSupply	24	static
C:/Users/danie/Documents/GitHub/Watermelon-Wine-Zero-1A/firmware/Drivers/STM32MP2xx_HAL_Driver/Src/stm32mp2xx_hal_pwr_ex.c:284:6:HAL_PWREx_DisableGPUSupply	8	static
C:/Users/danie/Documents/GitHub/Watermelon-Wine-Zero-1A/firmware/Drivers/STM32MP2xx_HAL_Driver/Src/stm32mp2xx_hal_pwr_ex.c:298:19:HAL_PWREx_EnableGPUSupplyMonitoring	4	static
C:/Users/danie/Documents/GitHub/Watermelon-Wine-Zero-1A/firmware/Drivers/STM32MP2xx_HAL_Driver/Src/stm32mp2xx_hal_pwr_ex.c:308:6:HAL_PWREx_DisableGPUSupplyMonitoring	4	static
C:/Users/danie/Documents/GitHub/Watermelon-Wine-Zero-1A/firmware/Drivers/STM32MP2xx_HAL_Driver/Src/stm32mp2xx_hal_pwr_ex.c:317:19:HAL_PWREx_EnableGPULowThreshold	4	static
C:/Users/danie/Documents/GitHub/Watermelon-Wine-Zero-1A/firmware/Drivers/STM32MP2xx_HAL_Driver/Src/stm32mp2xx_hal_pwr_ex.c:327:6:HAL_PWREx_DisableGPULowThreshold	4	static
C:/Users/danie/Documents/GitHub/Watermelon-Wine-Zero-1A/firmware/Drivers/STM32MP2xx_HAL_Driver/Src/stm32mp2xx_hal_pwr_ex.c:336:10:HAL_PWREx_GetVDDgpuRange	16	static
C:/Users/danie/Documents/GitHub/Watermelon-Wine-Zero-1A/firmware/Drivers/STM32MP2xx_HAL_Driver/Src/stm32mp2xx_hal_pwr_ex.c:373:6:HAL_PWREx_EnableVbatTempMonitoring	4	static
C:/Users/danie/Documents/GitHub/Watermelon-Wine-Zero-1A/firmware/Drivers/STM32MP2xx_HAL_Driver/Src/stm32mp2xx_hal_pwr_ex.c:388:6:HAL_PWREx_DisableVbatTempMonitoring	4	static
C:/Users/danie/Documents/GitHub/Watermelon-Wine-Zero-1A/firmware/Drivers/STM32MP2xx_HAL_Driver/Src/stm32mp2xx_hal_pwr_ex.c:400:10:HAL_PWREx_GetTemperatureLevel	16	static
C:/Users/danie/Documents/GitHub/Watermelon-Wine-Zero-1A/firmware/Drivers/STM32MP2xx_HAL_Driver/Src/stm32mp2xx_hal_pwr_ex.c:437:10:HAL_PWREx_GetVbatLevel	16	static
C:/Users/danie/Documents/GitHub/Watermelon-Wine-Zero-1A/firmware/Drivers/STM32MP2xx_HAL_Driver/Src/stm32mp2xx_hal_pwr_ex.c:474:6:HAL_PWREx_TEMP_VBAT_IRQHandler	16	static
C:/Users/danie/Documents/GitHub/Watermelon-Wine-Zero-1A/firmware/Drivers/STM32MP2xx_HAL_Driver/Src/stm32mp2xx_hal_pwr_ex.c:515:13:HAL_PWREx_VBAT_HIGHERCallback	4	static
C:/Users/danie/Documents/GitHub/Watermelon-Wine-Zero-1A/firmware/Drivers/STM32MP2xx_HAL_Driver/Src/stm32mp2xx_hal_pwr_ex.c:521:13:HAL_PWREx_VBAT_LowerCallback	4	static
C:/Users/danie/Documents/GitHub/Watermelon-Wine-Zero-1A/firmware/Drivers/STM32MP2xx_HAL_Driver/Src/stm32mp2xx_hal_pwr_ex.c:527:13:HAL_PWREx_VBAT_INRANGECallback	4	static
C:/Users/danie/Documents/GitHub/Watermelon-Wine-Zero-1A/firmware/Drivers/STM32MP2xx_HAL_Driver/Src/stm32mp2xx_hal_pwr_ex.c:539:13:HAL_PWREx_TEMP_HIGHERCallback	4	static
C:/Users/danie/Documents/GitHub/Watermelon-Wine-Zero-1A/firmware/Drivers/STM32MP2xx_HAL_Driver/Src/stm32mp2xx_hal_pwr_ex.c:545:13:HAL_PWREx_TEMP_LowerCallback	4	static
C:/Users/danie/Documents/GitHub/Watermelon-Wine-Zero-1A/firmware/Drivers/STM32MP2xx_HAL_Driver/Src/stm32mp2xx_hal_pwr_ex.c:551:13:HAL_PWREx_TEMP_INRANGECallback	4	static
C:/Users/danie/Documents/GitHub/Watermelon-Wine-Zero-1A/firmware/Drivers/STM32MP2xx_HAL_Driver/Src/stm32mp2xx_hal_pwr_ex.c:573:6:HAL_PWREx_ConfigVDDcpuD	16	static
C:/Users/danie/Documents/GitHub/Watermelon-Wine-Zero-1A/firmware/Drivers/STM32MP2xx_HAL_Driver/Src/stm32mp2xx_hal_pwr_ex.c:615:6:HAL_PWREx_EnableVDDcpuD	4	static
C:/Users/danie/Documents/GitHub/Watermelon-Wine-Zero-1A/firmware/Drivers/STM32MP2xx_HAL_Driver/Src/stm32mp2xx_hal_pwr_ex.c:624:6:HAL_PWREx_DisableVDDcpuD	4	static
C:/Users/danie/Documents/GitHub/Watermelon-Wine-Zero-1A/firmware/Drivers/STM32MP2xx_HAL_Driver/Src/stm32mp2xx_hal_pwr_ex.c:633:10:HAL_PWREx_GetVDDcpuRange	16	static
C:/Users/danie/Documents/GitHub/Watermelon-Wine-Zero-1A/firmware/Drivers/STM32MP2xx_HAL_Driver/Src/stm32mp2xx_hal_pwr_ex.c:669:6:HAL_PWREx_VDDcpuD_IRQHandler	16	static
C:/Users/danie/Documents/GitHub/Watermelon-Wine-Zero-1A/firmware/Drivers/STM32MP2xx_HAL_Driver/Src/stm32mp2xx_hal_pwr_ex.c:697:13:HAL_PWREx_VDDcpuD_HIGHERCallback	4	static
C:/Users/danie/Documents/GitHub/Watermelon-Wine-Zero-1A/firmware/Drivers/STM32MP2xx_HAL_Driver/Src/stm32mp2xx_hal_pwr_ex.c:703:13:HAL_PWREx_VDDcpuD_LowerCallback	4	static
C:/Users/danie/Documents/GitHub/Watermelon-Wine-Zero-1A/firmware/Drivers/STM32MP2xx_HAL_Driver/Src/stm32mp2xx_hal_pwr_ex.c:710:13:HAL_PWREx_VDDcpuD_INRANGECallback	4	static
C:/Users/danie/Documents/GitHub/Watermelon-Wine-Zero-1A/firmware/Drivers/STM32MP2xx_HAL_Driver/Src/stm32mp2xx_hal_pwr_ex.c:731:6:HAL_PWREx_ConfigVDDcoreD	16	static
C:/Users/danie/Documents/GitHub/Watermelon-Wine-Zero-1A/firmware/Drivers/STM32MP2xx_HAL_Driver/Src/stm32mp2xx_hal_pwr_ex.c:767:6:HAL_PWREx_EnableVDDcoreD	4	static
C:/Users/danie/Documents/GitHub/Watermelon-Wine-Zero-1A/firmware/Drivers/STM32MP2xx_HAL_Driver/Src/stm32mp2xx_hal_pwr_ex.c:776:6:HAL_PWREx_DisableVDDcoreD	4	static
C:/Users/danie/Documents/GitHub/Watermelon-Wine-Zero-1A/firmware/Drivers/STM32MP2xx_HAL_Driver/Src/stm32mp2xx_hal_pwr_ex.c:785:10:HAL_PWREx_GetVDDcoreRange	16	static
C:/Users/danie/Documents/GitHub/Watermelon-Wine-Zero-1A/firmware/Drivers/STM32MP2xx_HAL_Driver/Src/stm32mp2xx_hal_pwr_ex.c:822:6:HAL_PWREx_VDDcoreD_IRQHandler	16	static
C:/Users/danie/Documents/GitHub/Watermelon-Wine-Zero-1A/firmware/Drivers/STM32MP2xx_HAL_Driver/Src/stm32mp2xx_hal_pwr_ex.c:850:13:HAL_PWREx_VDDcoreD_HIGHERCallback	4	static
C:/Users/danie/Documents/GitHub/Watermelon-Wine-Zero-1A/firmware/Drivers/STM32MP2xx_HAL_Driver/Src/stm32mp2xx_hal_pwr_ex.c:856:13:HAL_PWREx_VDDcoreD_LowerCallback	4	static
C:/Users/danie/Documents/GitHub/Watermelon-Wine-Zero-1A/firmware/Drivers/STM32MP2xx_HAL_Driver/Src/stm32mp2xx_hal_pwr_ex.c:863:13:HAL_PWREx_VDDcoreD_INRANGECallback	4	static
C:/Users/danie/Documents/GitHub/Watermelon-Wine-Zero-1A/firmware/Drivers/STM32MP2xx_HAL_Driver/Src/stm32mp2xx_hal_pwr_ex.c:875:6:pvmPosition	24	static
C:/Users/danie/Documents/GitHub/Watermelon-Wine-Zero-1A/firmware/Drivers/STM32MP2xx_HAL_Driver/Src/stm32mp2xx_hal_pwr_ex.c:953:6:HAL_PWREx_ConfigurePVM	16	static
C:/Users/danie/Documents/GitHub/Watermelon-Wine-Zero-1A/firmware/Drivers/STM32MP2xx_HAL_Driver/Src/stm32mp2xx_hal_pwr_ex.c:994:6:HAL_PWREx_Set_IO_Voltage	48	static
C:/Users/danie/Documents/GitHub/Watermelon-Wine-Zero-1A/firmware/Drivers/STM32MP2xx_HAL_Driver/Src/stm32mp2xx_hal_pwr_ex.c:1015:6:HAL_PWREx_Get_IO_Voltage	48	static
C:/Users/danie/Documents/GitHub/Watermelon-Wine-Zero-1A/firmware/Drivers/STM32MP2xx_HAL_Driver/Src/stm32mp2xx_hal_pwr_ex.c:1032:19:HAL_PWREx_EnableSupply	48	static
C:/Users/danie/Documents/GitHub/Watermelon-Wine-Zero-1A/firmware/Drivers/STM32MP2xx_HAL_Driver/Src/stm32mp2xx_hal_pwr_ex.c:1069:6:HAL_PWREx_DisableSupply	40	static
C:/Users/danie/Documents/GitHub/Watermelon-Wine-Zero-1A/firmware/Drivers/STM32MP2xx_HAL_Driver/Src/stm32mp2xx_hal_pwr_ex.c:1089:6:HAL_PWREx_EnableSupplyMonitoring	40	static
C:/Users/danie/Documents/GitHub/Watermelon-Wine-Zero-1A/firmware/Drivers/STM32MP2xx_HAL_Driver/Src/stm32mp2xx_hal_pwr_ex.c:1106:6:HAL_PWREx_DisableSupplyMonitoring	40	static
C:/Users/danie/Documents/GitHub/Watermelon-Wine-Zero-1A/firmware/Drivers/STM32MP2xx_HAL_Driver/Src/stm32mp2xx_hal_pwr_ex.c:1123:10:HAL_PWREx_PVM_IsBelowThreshold	40	static
C:/Users/danie/Documents/GitHub/Watermelon-Wine-Zero-1A/firmware/Drivers/STM32MP2xx_HAL_Driver/Src/stm32mp2xx_hal_pwr_ex.c:1140:6:HAL_PWREx_PVM_IRQHandler	8	static
C:/Users/danie/Documents/GitHub/Watermelon-Wine-Zero-1A/firmware/Drivers/STM32MP2xx_HAL_Driver/Src/stm32mp2xx_hal_pwr_ex.c:1166:13:HAL_PWREx_PVM_LowerCallback	4	static
C:/Users/danie/Documents/GitHub/Watermelon-Wine-Zero-1A/firmware/Drivers/STM32MP2xx_HAL_Driver/Src/stm32mp2xx_hal_pwr_ex.c:1182:13:HAL_PWREx_PVM_EqualHigherCallback	4	static
C:/Users/danie/Documents/GitHub/Watermelon-Wine-Zero-1A/firmware/Drivers/STM32MP2xx_HAL_Driver/Src/stm32mp2xx_hal_pwr_ex.c:1194:6:HAL_PWREx_GPU_IRQHandler	8	static
C:/Users/danie/Documents/GitHub/Watermelon-Wine-Zero-1A/firmware/Drivers/STM32MP2xx_HAL_Driver/Src/stm32mp2xx_hal_pwr_ex.c:1212:13:HAL_PWREx_GPU_LowerCallback	4	static
C:/Users/danie/Documents/GitHub/Watermelon-Wine-Zero-1A/firmware/Drivers/STM32MP2xx_HAL_Driver/Src/stm32mp2xx_hal_pwr_ex.c:1222:13:HAL_PWREx_GPU_EqualHigherCallback	4	static
C:/Users/danie/Documents/GitHub/Watermelon-Wine-Zero-1A/firmware/Drivers/STM32MP2xx_HAL_Driver/Src/stm32mp2xx_hal_pwr_ex.c:1239:13:HAL_PWREx_WKUP_Callback	16	static
C:/Users/danie/Documents/GitHub/Watermelon-Wine-Zero-1A/firmware/Drivers/STM32MP2xx_HAL_Driver/Src/stm32mp2xx_hal_pwr_ex.c:1256:6:HAL_PWREx_WAKEUP_PIN_IRQHandler	16	static
C:/Users/danie/Documents/GitHub/Watermelon-Wine-Zero-1A/firmware/Drivers/STM32MP2xx_HAL_Driver/Src/stm32mp2xx_hal_pwr_ex.c:1293:6:HAL_PWREx_EnterCSTOPAllowSTOP	16	static
C:/Users/danie/Documents/GitHub/Watermelon-Wine-Zero-1A/firmware/Drivers/STM32MP2xx_HAL_Driver/Src/stm32mp2xx_hal_pwr_ex.c:1308:6:HAL_PWREx_EnterCSTOPAllowSTANDBY	16	static
C:/Users/danie/Documents/GitHub/Watermelon-Wine-Zero-1A/firmware/Drivers/STM32MP2xx_HAL_Driver/Src/stm32mp2xx_hal_pwr_ex.c:1320:6:HAL_PWREx_ClearStatusFlag	4	static
