C:/Users/danie/Documents/GitHub/Watermelon-Wine-Zero-1A/firmware/Drivers/STM32MP2xx_HAL_Driver/Src/stm32mp2xx_hal.c:135:19:HAL_Init	8	static
C:/Users/danie/Documents/GitHub/Watermelon-Wine-Zero-1A/firmware/Drivers/STM32MP2xx_HAL_Driver/Src/stm32mp2xx_hal.c:172:19:HAL_DeInit	8	static
C:/Users/danie/Documents/GitHub/Watermelon-Wine-Zero-1A/firmware/Drivers/STM32MP2xx_HAL_Driver/Src/stm32mp2xx_hal.c:188:13:HAL_MspInit	4	static
C:/Users/danie/Documents/GitHub/Watermelon-Wine-Zero-1A/firmware/Drivers/STM32MP2xx_HAL_Driver/Src/stm32mp2xx_hal.c:199:13:HAL_MspDeInit	4	static
C:/Users/danie/Documents/GitHub/Watermelon-Wine-Zero-1A/firmware/Drivers/STM32MP2xx_HAL_Driver/Src/stm32mp2xx_hal.c:229:26:HAL_InitTick	16	static
C:/Users/danie/Documents/GitHub/Watermelon-Wine-Zero-1A/firmware/Drivers/STM32MP2xx_HAL_Driver/Src/stm32mp2xx_hal.c:349:13:HAL_IncTick	4	static
C:/Users/danie/Documents/GitHub/Watermelon-Wine-Zero-1A/firmware/Drivers/STM32MP2xx_HAL_Driver/Src/stm32mp2xx_hal.c:360:17:HAL_GetTick	4	static
C:/Users/danie/Documents/GitHub/Watermelon-Wine-Zero-1A/firmware/Drivers/STM32MP2xx_HAL_Driver/Src/stm32mp2xx_hal.c:376:13:HAL_Delay	24	static
C:/Users/danie/Documents/GitHub/Watermelon-Wine-Zero-1A/firmware/Drivers/STM32MP2xx_HAL_Driver/Src/stm32mp2xx_hal.c:394:13:HAL_SuspendTick	4	static
C:/Users/danie/Documents/GitHub/Watermelon-Wine-Zero-1A/firmware/Drivers/STM32MP2xx_HAL_Driver/Src/stm32mp2xx_hal.c:416:13:HAL_ResumeTick	4	static
C:/Users/danie/Documents/GitHub/Watermelon-Wine-Zero-1A/firmware/Drivers/STM32MP2xx_HAL_Driver/Src/stm32mp2xx_hal.c:432:10:HAL_GetHalVersion	4	static
C:/Users/danie/Documents/GitHub/Watermelon-Wine-Zero-1A/firmware/Drivers/STM32MP2xx_HAL_Driver/Src/stm32mp2xx_hal.c:442:10:HAL_GetREVID	4	static
C:/Users/danie/Documents/GitHub/Watermelon-Wine-Zero-1A/firmware/Drivers/STM32MP2xx_HAL_Driver/Src/stm32mp2xx_hal.c:451:10:HAL_GetDEVID	4	static
C:/Users/danie/Documents/GitHub/Watermelon-Wine-Zero-1A/firmware/Drivers/STM32MP2xx_HAL_Driver/Src/stm32mp2xx_hal.c:460:10:HAL_GetUIDw0	4	static
C:/Users/danie/Documents/GitHub/Watermelon-Wine-Zero-1A/firmware/Drivers/STM32MP2xx_HAL_Driver/Src/stm32mp2xx_hal.c:469:10:HAL_GetUIDw1	4	static
C:/Users/danie/Documents/GitHub/Watermelon-Wine-Zero-1A/firmware/Drivers/STM32MP2xx_HAL_Driver/Src/stm32mp2xx_hal.c:478:10:HAL_GetUIDw2	4	static
C:/Users/danie/Documents/GitHub/Watermelon-Wine-Zero-1A/firmware/Drivers/STM32MP2xx_HAL_Driver/Src/stm32mp2xx_hal.c:496:6:HAL_DBGMCU_EnableWatchdogTimer2CA35Freeze	4	static
C:/Users/danie/Documents/GitHub/Watermelon-Wine-Zero-1A/firmware/Drivers/STM32MP2xx_HAL_Driver/Src/stm32mp2xx_hal.c:505:6:HAL_DBGMCU_DisableWatchdogTimer2CA35Freeze	4	static
C:/Users/danie/Documents/GitHub/Watermelon-Wine-Zero-1A/firmware/Drivers/STM32MP2xx_HAL_Driver/Src/stm32mp2xx_hal.c:514:6:HAL_DBGMCU_EnableDBGSleepMode	4	static
C:/Users/danie/Documents/GitHub/Watermelon-Wine-Zero-1A/firmware/Drivers/STM32MP2xx_HAL_Driver/Src/stm32mp2xx_hal.c:523:6:HAL_DBGMCU_DisableDBGSleepMode	4	static
C:/Users/danie/Documents/GitHub/Watermelon-Wine-Zero-1A/firmware/Drivers/STM32MP2xx_HAL_Driver/Src/stm32mp2xx_hal.c:532:6:HAL_DBGMCU_EnableDBGStopMode	4	static
C:/Users/danie/Documents/GitHub/Watermelon-Wine-Zero-1A/firmware/Drivers/STM32MP2xx_HAL_Driver/Src/stm32mp2xx_hal.c:541:6:HAL_DBGMCU_DisableDBGStopMode	4	static
C:/Users/danie/Documents/GitHub/Watermelon-Wine-Zero-1A/firmware/Drivers/STM32MP2xx_HAL_Driver/Src/stm32mp2xx_hal.c:550:6:HAL_DBGMCU_EnableDBGStandbyMode	4	static
C:/Users/danie/Documents/GitHub/Watermelon-Wine-Zero-1A/firmware/Drivers/STM32MP2xx_HAL_Driver/Src/stm32mp2xx_hal.c:559:6:HAL_DBGMCU_DisableDBGStandbyMode	4	static
C:/Users/danie/Documents/GitHub/Watermelon-Wine-Zero-1A/firmware/Drivers/STM32MP2xx_HAL_Driver/Src/stm32mp2xx_hal.c:578:6:HAL_HDP_EnableHDP	4	static
C:/Users/danie/Documents/GitHub/Watermelon-Wine-Zero-1A/firmware/Drivers/STM32MP2xx_HAL_Driver/Src/stm32mp2xx_hal.c:587:6:HAL_HDP_DisableHDP	4	static
C:/Users/danie/Documents/GitHub/Watermelon-Wine-Zero-1A/firmware/Drivers/STM32MP2xx_HAL_Driver/Src/stm32mp2xx_hal.c:598:6:HAL_HDP_ConfigHDPMux	16	static
C:/Users/danie/Documents/GitHub/Watermelon-Wine-Zero-1A/firmware/Drivers/STM32MP2xx_HAL_Driver/Src/stm32mp2xx_hal.c:607:10:HAL_HDP_ReadVAL	4	static
C:/Users/danie/Documents/GitHub/Watermelon-Wine-Zero-1A/firmware/Drivers/STM32MP2xx_HAL_Driver/Src/stm32mp2xx_hal.c:631:6:HAL_SYSCFG_ETH1InterfaceSelect	16	static
C:/Users/danie/Documents/GitHub/Watermelon-Wine-Zero-1A/firmware/Drivers/STM32MP2xx_HAL_Driver/Src/stm32mp2xx_hal.c:647:6:HAL_SYSCFG_ETH2InterfaceSelect	16	static
C:/Users/danie/Documents/GitHub/Watermelon-Wine-Zero-1A/firmware/Drivers/STM32MP2xx_HAL_Driver/Src/stm32mp2xx_hal.c:662:6:HAL_SYSCFG_ETH1ClockSelect	16	static
C:/Users/danie/Documents/GitHub/Watermelon-Wine-Zero-1A/firmware/Drivers/STM32MP2xx_HAL_Driver/Src/stm32mp2xx_hal.c:677:6:HAL_SYSCFG_ETH2ClockSelect	16	static
C:/Users/danie/Documents/GitHub/Watermelon-Wine-Zero-1A/firmware/Drivers/STM32MP2xx_HAL_Driver/Src/stm32mp2xx_hal.c:792:6:HAL_SYSCFG_Lock	16	static
C:/Users/danie/Documents/GitHub/Watermelon-Wine-Zero-1A/firmware/Drivers/STM32MP2xx_HAL_Driver/Src/stm32mp2xx_hal.c:810:19:HAL_SYSCFG_GetLock	24	static
